18:58:27 **** Auto Build of configuration Debug for project ex01 ****
make pre-build main-build 
a9-linaro-pre-build-step
' '
'Building file: ../src/ex01.c'
'Invoking: ARM v7 gcc compiler'
arm-none-eabi-gcc -Wall -O0 -g3 -c -fmessage-length=0 -MT"src/ex01.o" -mcpu=cortex-a9 -mfpu=vfpv3 -mfloat-abi=hard -I../../ex01_bsp/ps7_cortexa9_0/include -MMD -MP -MF"src/ex01.d" -MT"src/ex01.o" -o "src/ex01.o" "../src/ex01.c"
In file included from ../src/ex01.c:1:
../src/ex01.c: In function 'main':
../../ex01_bsp/ps7_cortexa9_0/include/xparameters.h:235:34: warning: initialization of 'unsigned char *' from 'int' makes pointer from integer without a cast [-Wint-conversion]
 #define XPAR_AXI_GPIO_1_BASEADDR 0x41210000
                                  ^~~~~~~~~~
../src/ex01.c:6:19: note: in expansion of macro 'XPAR_AXI_GPIO_1_BASEADDR'
 #define LEDS_ADDR XPAR_AXI_GPIO_1_BASEADDR
                   ^~~~~~~~~~~~~~~~~~~~~~~~
../src/ex01.c:11:24: note: in expansion of macro 'LEDS_ADDR'
  unsigned char *LEDs = LEDS_ADDR;
                        ^~~~~~~~~
'Finished building: ../src/ex01.c'
' '
'Building target: ex01.elf'
'Invoking: ARM v7 gcc linker'
arm-none-eabi-gcc -mcpu=cortex-a9 -mfpu=vfpv3 -mfloat-abi=hard -Wl,-build-id=none -specs=Xilinx.spec -Wl,-T -Wl,../src/lscript.ld -L../../ex01_bsp/ps7_cortexa9_0/lib -o "ex01.elf"  ./src/ex01.o ./src/platform.o   -Wl,--start-group,-lxil,-lgcc,-lc,--end-group
'Finished building target: ex01.elf'
' '
'Invoking: ARM v7 Print Size'
arm-none-eabi-size ex01.elf  |tee "ex01.elf.size"
   text	   data	    bss	    dec	    hex	filename
  19024	   1144	  22568	  42736	   a6f0	ex01.elf
'Finished building: ex01.elf.size'
' '

18:58:30 Build Finished (took 2s.551ms)

