13:51:12 **** Auto Build of configuration Debug for project ex03 ****
make pre-build main-build 
a9-linaro-pre-build-step
' '
'Building file: ../src/ex03.c'
'Invoking: ARM v7 gcc compiler'
arm-none-eabi-gcc -Wall -O0 -g3 -c -fmessage-length=0 -MT"src/ex03.o" -mcpu=cortex-a9 -mfpu=vfpv3 -mfloat-abi=hard -I../../ex01_bsp/ps7_cortexa9_0/include -MMD -MP -MF"src/ex03.d" -MT"src/ex03.o" -o "src/ex03.o" "../src/ex03.c"
'Finished building: ../src/ex03.c'
' '
'Building target: ex03.elf'
'Invoking: ARM v7 gcc linker'
arm-none-eabi-gcc -mcpu=cortex-a9 -mfpu=vfpv3 -mfloat-abi=hard -Wl,-build-id=none -specs=Xilinx.spec -Wl,-T -Wl,../src/lscript.ld -L../../ex01_bsp/ps7_cortexa9_0/lib -o "ex03.elf"  ./src/ex03.o ./src/platform.o   -Wl,--start-group,-lxil,-lgcc,-lc,--end-group
'Finished building target: ex03.elf'
' '
'Invoking: ARM v7 Print Size'
arm-none-eabi-size ex03.elf  |tee "ex03.elf.size"
   text	   data	    bss	    dec	    hex	filename
  24772	   1192	  22632	  48596	   bdd4	ex03.elf
'Finished building: ex03.elf.size'
' '

13:51:13 Build Finished (took 814ms)

