13:09:01 **** Auto Build of configuration Debug for project ex04 ****
make pre-build main-build 
a9-linaro-pre-build-step
' '
'Building file: ../src/ex04.c'
'Invoking: ARM v7 gcc compiler'
arm-none-eabi-gcc -Wall -O0 -g3 -c -fmessage-length=0 -MT"src/ex04.o" -mcpu=cortex-a9 -mfpu=vfpv3 -mfloat-abi=hard -I../../ex01_bsp/ps7_cortexa9_0/include -MMD -MP -MF"src/ex04.d" -MT"src/ex04.o" -o "src/ex04.o" "../src/ex04.c"
../src/ex04.c: In function 'main':
../src/ex04.c:17:6: warning: variable 'Status' set but not used [-Wunused-but-set-variable]
  int Status;
      ^~~~~~
'Finished building: ../src/ex04.c'
' '
'Building target: ex04.elf'
'Invoking: ARM v7 gcc linker'
arm-none-eabi-gcc -mcpu=cortex-a9 -mfpu=vfpv3 -mfloat-abi=hard -Wl,-build-id=none -specs=Xilinx.spec -Wl,-T -Wl,../src/lscript.ld -L../../ex01_bsp/ps7_cortexa9_0/lib -o "ex04.elf"  ./src/ex04.o ./src/platform.o   -Wl,--start-group,-lxil,-lgcc,-lc,--end-group
'Finished building target: ex04.elf'
' '
'Invoking: ARM v7 Print Size'
arm-none-eabi-size ex04.elf  |tee "ex04.elf.size"
   text	   data	    bss	    dec	    hex	filename
  35332	   2352	  23304	  60988	   ee3c	ex04.elf
'Finished building: ex04.elf.size'
' '

13:09:04 Build Finished (took 3s.69ms)

