12:59:21 **** Auto Build of configuration Debug for project ex05 ****
make pre-build main-build 
a9-linaro-pre-build-step
' '
'Building file: ../src/ex05.c'
'Invoking: ARM v7 gcc compiler'
arm-none-eabi-gcc -Wall -O0 -g3 -c -fmessage-length=0 -MT"src/ex05.o" -mcpu=cortex-a9 -mfpu=vfpv3 -mfloat-abi=hard -I../../ex01_bsp/ps7_cortexa9_0/include -MMD -MP -MF"src/ex05.d" -MT"src/ex05.o" -o "src/ex05.o" "../src/ex05.c"
'Finished building: ../src/ex05.c'
' '
'Building file: ../src/platform.c'
'Invoking: ARM v7 gcc compiler'
arm-none-eabi-gcc -Wall -O0 -g3 -c -fmessage-length=0 -MT"src/platform.o" -mcpu=cortex-a9 -mfpu=vfpv3 -mfloat-abi=hard -I../../ex01_bsp/ps7_cortexa9_0/include -MMD -MP -MF"src/platform.d" -MT"src/platform.o" -o "src/platform.o" "../src/platform.c"
'Finished building: ../src/platform.c'
' '
'Building target: ex05.elf'
'Invoking: ARM v7 gcc linker'
arm-none-eabi-gcc -mcpu=cortex-a9 -mfpu=vfpv3 -mfloat-abi=hard -Wl,-build-id=none -specs=Xilinx.spec -Wl,-T -Wl,../src/lscript.ld -L../../ex01_bsp/ps7_cortexa9_0/lib -o "ex05.elf"  ./src/ex05.o ./src/platform.o   -Wl,--start-group,-lxil,-lgcc,-lc,--end-group
'Finished building target: ex05.elf'
' '
'Invoking: ARM v7 Print Size'
arm-none-eabi-size ex05.elf  |tee "ex05.elf.size"
   text	   data	    bss	    dec	    hex	filename
  19064	   1144	  22568	  42776	   a718	ex05.elf
'Finished building: ex05.elf.size'
' '

12:59:22 Build Finished (took 1s.51ms)

