14:46:41 **** Auto Build of configuration Debug for project ex05 ****
make pre-build main-build 
a9-linaro-pre-build-step
' '
'Building file: ../src/ex05.c'
'Invoking: ARM v7 gcc compiler'
arm-none-eabi-gcc -Wall -O0 -g3 -c -fmessage-length=0 -MT"src/ex05.o" -mcpu=cortex-a9 -mfpu=vfpv3 -mfloat-abi=hard -I../../ex01_bsp/ps7_cortexa9_0/include -MMD -MP -MF"src/ex05.d" -MT"src/ex05.o" -o "src/ex05.o" "../src/ex05.c"
../src/ex05.c: In function 'main':
../src/ex05.c:23:6: warning: variable 'Status' set but not used [-Wunused-but-set-variable]
  int Status;
      ^~~~~~
'Finished building: ../src/ex05.c'
' '
'Building target: ex05.elf'
'Invoking: ARM v7 gcc linker'
arm-none-eabi-gcc -mcpu=cortex-a9 -mfpu=vfpv3 -mfloat-abi=hard -Wl,-build-id=none -specs=Xilinx.spec -Wl,-T -Wl,../src/lscript.ld -L../../ex01_bsp/ps7_cortexa9_0/lib -o "ex05.elf"  ./src/ex05.o ./src/platform.o   -Wl,--start-group,-lxil,-lgcc,-lc,--end-group
'Finished building target: ex05.elf'
' '
'Invoking: ARM v7 Print Size'
arm-none-eabi-size ex05.elf  |tee "ex05.elf.size"
   text	   data	    bss	    dec	    hex	filename
  38172	   2368	  23352	  63892	   f994	ex05.elf
'Finished building: ex05.elf.size'
' '

14:46:41 Build Finished (took 729ms)

