12:49:08 **** Incremental Build of configuration Debug for project ex04 ****
make pre-build main-build 
a9-linaro-pre-build-step
' '
'Building file: ../src/ex04.c'
'Invoking: ARM v7 gcc compiler'
arm-none-eabi-gcc -Wall -O0 -g3 -c -fmessage-length=0 -MT"src/ex04.o" -mcpu=cortex-a9 -mfpu=vfpv3 -mfloat-abi=hard -I../../ex01_bsp/ps7_cortexa9_0/include -MMD -MP -MF"src/ex04.d" -MT"src/ex04.o" -o "src/ex04.o" "../src/ex04.c"
../src/ex04.c:8:1: error: unknown type name 'XGpio'
 XGpio Buttons;
 ^~~~~
../src/ex04.c: In function 'main':
../src/ex04.c:44:11: warning: implicit declaration of function 'XGpio_Initialize'; did you mean 'ScuGic_Initialize'? [-Wimplicit-function-declaration]
  Status = XGpio_Initialize(&Buttons, XPAR_GPIO_0_DEVICE_ID);
           ^~~~~~~~~~~~~~~~
           ScuGic_Initialize
../src/ex04.c:45:2: warning: implicit declaration of function 'XGpio_SetDataDirection' [-Wimplicit-function-declaration]
  XGpio_SetDataDirection(&Buttons, 2, 0xFF); //inputs
  ^~~~~~~~~~~~~~~~~~~~~~
../src/ex04.c:55:2: warning: implicit declaration of function 'XGpio_InterruptEnable'; did you mean 'XScuGic_InterruptHandler'? [-Wimplicit-function-declaration]
  XGpio_InterruptEnable(&Buttons, 2);
  ^~~~~~~~~~~~~~~~~~~~~
  XScuGic_InterruptHandler
../src/ex04.c:56:2: warning: implicit declaration of function 'XGpio_InterruptGlobalEnable' [-Wimplicit-function-declaration]
  XGpio_InterruptGlobalEnable(&Buttons);
  ^~~~~~~~~~~~~~~~~~~~~~~~~~~
../src/ex04.c:41:6: warning: variable 'Status' set but not used [-Wunused-but-set-variable]
  int Status;
      ^~~~~~
../src/ex04.c: In function 'Buttons_ISR':
../src/ex04.c:64:2: warning: implicit declaration of function 'XGpio_InterruptDisable'; did you mean 'XScuGic_InterruptHandler'? [-Wimplicit-function-declaration]
  XGpio_InterruptDisable(&Buttons, 2);
  ^~~~~~~~~~~~~~~~~~~~~~
  XScuGic_InterruptHandler
../src/ex04.c:68:8: warning: implicit declaration of function 'XGpio_DiscreteRead'; did you mean 'XScuGic_DistWriteReg'? [-Wimplicit-function-declaration]
   if ((XGpio_DiscreteRead(&Buttons, 2) & desp) == 1)
        ^~~~~~~~~~~~~~~~~~
        XScuGic_DistWriteReg
../src/ex04.c:73:2: warning: implicit declaration of function 'XGpio_InterruptClear'; did you mean 'XScuGic_InterruptHandler'? [-Wimplicit-function-declaration]
  XGpio_InterruptClear(&Buttons, 2); // Clear interrupt flag
  ^~~~~~~~~~~~~~~~~~~~
  XScuGic_InterruptHandler
make: *** [src/subdir.mk:26: src/ex04.o] Error 1
12:49:47 **** Auto Build of configuration Debug for project ex04 ****
make pre-build main-build 
a9-linaro-pre-build-step
' '
'Building file: ../src/ex04.c'
'Invoking: ARM v7 gcc compiler'
arm-none-eabi-gcc -Wall -O0 -g3 -c -fmessage-length=0 -MT"src/ex04.o" -mcpu=cortex-a9 -mfpu=vfpv3 -mfloat-abi=hard -I../../ex01_bsp/ps7_cortexa9_0/include -MMD -MP -MF"src/ex04.d" -MT"src/ex04.o" -o "src/ex04.o" "../src/ex04.c"
../src/ex04.c: In function 'main':
../src/ex04.c:42:6: warning: variable 'Status' set but not used [-Wunused-but-set-variable]
  int Status;
      ^~~~~~
'Finished building: ../src/ex04.c'
' '
'Building target: ex04.elf'
'Invoking: ARM v7 gcc linker'
arm-none-eabi-gcc -mcpu=cortex-a9 -mfpu=vfpv3 -mfloat-abi=hard -Wl,-build-id=none -specs=Xilinx.spec -Wl,-T -Wl,../src/lscript.ld -L../../ex01_bsp/ps7_cortexa9_0/lib -o "ex04.elf"  ./src/ex04.o ./src/platform.o   -Wl,--start-group,-lxil,-lgcc,-lc,--end-group
'Finished building target: ex04.elf'
' '
'Invoking: ARM v7 Print Size'
arm-none-eabi-size ex04.elf  |tee "ex04.elf.size"
   text	   data	    bss	    dec	    hex	filename
  35332	   2352	  23304	  60988	   ee3c	ex04.elf
'Finished building: ex04.elf.size'
' '
12:50:46 **** Incremental Build of configuration Debug for project ex04 ****
make pre-build main-build 
a9-linaro-pre-build-step
' '
make: Nothing to be done for 'main-build'.
12:51:15 **** Incremental Build of configuration Debug for project ex04 ****
make pre-build main-build 
a9-linaro-pre-build-step
' '
make: Nothing to be done for 'main-build'.
12:51:46 **** Auto Build of configuration Debug for project ex04 ****
make pre-build main-build 
a9-linaro-pre-build-step
' '
'Building file: ../src/ex04.c'
'Invoking: ARM v7 gcc compiler'
arm-none-eabi-gcc -Wall -O0 -g3 -c -fmessage-length=0 -MT"src/ex04.o" -mcpu=cortex-a9 -mfpu=vfpv3 -mfloat-abi=hard -I../../ex01_bsp/ps7_cortexa9_0/include -MMD -MP -MF"src/ex04.d" -MT"src/ex04.o" -o "src/ex04.o" "../src/ex04.c"
../src/ex04.c: In function 'main':
../src/ex04.c:42:6: warning: variable 'Status' set but not used [-Wunused-but-set-variable]
  int Status;
      ^~~~~~
'Finished building: ../src/ex04.c'
' '
'Building target: ex04.elf'
'Invoking: ARM v7 gcc linker'
arm-none-eabi-gcc -mcpu=cortex-a9 -mfpu=vfpv3 -mfloat-abi=hard -Wl,-build-id=none -specs=Xilinx.spec -Wl,-T -Wl,../src/lscript.ld -L../../ex01_bsp/ps7_cortexa9_0/lib -o "ex04.elf"  ./src/ex04.o ./src/platform.o   -Wl,--start-group,-lxil,-lgcc,-lc,--end-group
'Finished building target: ex04.elf'
' '
'Invoking: ARM v7 Print Size'
arm-none-eabi-size ex04.elf  |tee "ex04.elf.size"
   text	   data	    bss	    dec	    hex	filename
  35332	   2352	  23304	  60988	   ee3c	ex04.elf
'Finished building: ex04.elf.size'
' '
12:53:48 **** Auto Build of configuration Debug for project ex04 ****
make pre-build main-build 
a9-linaro-pre-build-step
' '
'Building file: ../src/ex04.c'
'Invoking: ARM v7 gcc compiler'
arm-none-eabi-gcc -Wall -O0 -g3 -c -fmessage-length=0 -MT"src/ex04.o" -mcpu=cortex-a9 -mfpu=vfpv3 -mfloat-abi=hard -I../../ex01_bsp/ps7_cortexa9_0/include -MMD -MP -MF"src/ex04.d" -MT"src/ex04.o" -o "src/ex04.o" "../src/ex04.c"
../src/ex04.c: In function 'main':
../src/ex04.c:42:6: warning: variable 'Status' set but not used [-Wunused-but-set-variable]
  int Status;
      ^~~~~~
'Finished building: ../src/ex04.c'
' '
'Building target: ex04.elf'
'Invoking: ARM v7 gcc linker'
arm-none-eabi-gcc -mcpu=cortex-a9 -mfpu=vfpv3 -mfloat-abi=hard -Wl,-build-id=none -specs=Xilinx.spec -Wl,-T -Wl,../src/lscript.ld -L../../ex01_bsp/ps7_cortexa9_0/lib -o "ex04.elf"  ./src/ex04.o ./src/platform.o   -Wl,--start-group,-lxil,-lgcc,-lc,--end-group
'Finished building target: ex04.elf'
' '
'Invoking: ARM v7 Print Size'
arm-none-eabi-size ex04.elf  |tee "ex04.elf.size"
   text	   data	    bss	    dec	    hex	filename
  35332	   2352	  23304	  60988	   ee3c	ex04.elf
'Finished building: ex04.elf.size'
' '
12:54:59 **** Auto Build of configuration Debug for project ex04 ****
make pre-build main-build 
a9-linaro-pre-build-step
' '
'Building file: ../src/ex04.c'
'Invoking: ARM v7 gcc compiler'
arm-none-eabi-gcc -Wall -O0 -g3 -c -fmessage-length=0 -MT"src/ex04.o" -mcpu=cortex-a9 -mfpu=vfpv3 -mfloat-abi=hard -I../../ex01_bsp/ps7_cortexa9_0/include -MMD -MP -MF"src/ex04.d" -MT"src/ex04.o" -o "src/ex04.o" "../src/ex04.c"
../src/ex04.c: In function 'main':
../src/ex04.c:42:6: warning: variable 'Status' set but not used [-Wunused-but-set-variable]
  int Status;
      ^~~~~~
'Finished building: ../src/ex04.c'
' '
'Building target: ex04.elf'
'Invoking: ARM v7 gcc linker'
arm-none-eabi-gcc -mcpu=cortex-a9 -mfpu=vfpv3 -mfloat-abi=hard -Wl,-build-id=none -specs=Xilinx.spec -Wl,-T -Wl,../src/lscript.ld -L../../ex01_bsp/ps7_cortexa9_0/lib -o "ex04.elf"  ./src/ex04.o ./src/platform.o   -Wl,--start-group,-lxil,-lgcc,-lc,--end-group
'Finished building target: ex04.elf'
' '
'Invoking: ARM v7 Print Size'
arm-none-eabi-size ex04.elf  |tee "ex04.elf.size"
   text	   data	    bss	    dec	    hex	filename
  35332	   2352	  23304	  60988	   ee3c	ex04.elf
'Finished building: ex04.elf.size'
' '
12:55:05 **** Incremental Build of configuration Debug for project ex04 ****
make pre-build main-build 
a9-linaro-pre-build-step
' '
make: Nothing to be done for 'main-build'.
12:56:12 **** Build of configuration Debug for project ex05 ****
make pre-build main-build 
a9-linaro-pre-build-step
' '
'Building file: ../src/helloworld.c'
'Invoking: ARM v7 gcc compiler'
arm-none-eabi-gcc -Wall -O0 -g3 -c -fmessage-length=0 -MT"src/helloworld.o" -mcpu=cortex-a9 -mfpu=vfpv3 -mfloat-abi=hard -I../../ex01_bsp/ps7_cortexa9_0/include -MMD -MP -MF"src/helloworld.d" -MT"src/helloworld.o" -o "src/helloworld.o" "../src/helloworld.c"
'Finished building: ../src/helloworld.c'
' '
'Building file: ../src/platform.c'
'Invoking: ARM v7 gcc compiler'
arm-none-eabi-gcc -Wall -O0 -g3 -c -fmessage-length=0 -MT"src/platform.o" -mcpu=cortex-a9 -mfpu=vfpv3 -mfloat-abi=hard -I../../ex01_bsp/ps7_cortexa9_0/include -MMD -MP -MF"src/platform.d" -MT"src/platform.o" -o "src/platform.o" "../src/platform.c"
'Finished building: ../src/platform.c'
' '
'Building target: ex05.elf'
'Invoking: ARM v7 gcc linker'
arm-none-eabi-gcc -mcpu=cortex-a9 -mfpu=vfpv3 -mfloat-abi=hard -Wl,-build-id=none -specs=Xilinx.spec -Wl,-T -Wl,../src/lscript.ld -L../../ex01_bsp/ps7_cortexa9_0/lib -o "ex05.elf"  ./src/helloworld.o ./src/platform.o   -Wl,--start-group,-lxil,-lgcc,-lc,--end-group
'Finished building target: ex05.elf'
' '
'Invoking: ARM v7 Print Size'
arm-none-eabi-size ex05.elf  |tee "ex05.elf.size"
   text	   data	    bss	    dec	    hex	filename
  19064	   1144	  22568	  42776	   a718	ex05.elf
'Finished building: ex05.elf.size'
' '
12:59:20 **** Clean-only build of configuration Debug for project ex05 ****
make clean 
rm -rf  ./src/helloworld.o ./src/platform.o  ./src/helloworld.d ./src/platform.d  ex05.elf.size  ex05.elf
' '
12:59:21 **** Auto Build of configuration Debug for project ex05 ****
make pre-build main-build 
a9-linaro-pre-build-step
' '
'Building file: ../src/ex05.c'
'Invoking: ARM v7 gcc compiler'
arm-none-eabi-gcc -Wall -O0 -g3 -c -fmessage-length=0 -MT"src/ex05.o" -mcpu=cortex-a9 -mfpu=vfpv3 -mfloat-abi=hard -I../../ex01_bsp/ps7_cortexa9_0/include -MMD -MP -MF"src/ex05.d" -MT"src/ex05.o" -o "src/ex05.o" "../src/ex05.c"
'Finished building: ../src/ex05.c'
' '
'Building file: ../src/platform.c'
'Invoking: ARM v7 gcc compiler'
arm-none-eabi-gcc -Wall -O0 -g3 -c -fmessage-length=0 -MT"src/platform.o" -mcpu=cortex-a9 -mfpu=vfpv3 -mfloat-abi=hard -I../../ex01_bsp/ps7_cortexa9_0/include -MMD -MP -MF"src/platform.d" -MT"src/platform.o" -o "src/platform.o" "../src/platform.c"
'Finished building: ../src/platform.c'
' '
'Building target: ex05.elf'
'Invoking: ARM v7 gcc linker'
arm-none-eabi-gcc -mcpu=cortex-a9 -mfpu=vfpv3 -mfloat-abi=hard -Wl,-build-id=none -specs=Xilinx.spec -Wl,-T -Wl,../src/lscript.ld -L../../ex01_bsp/ps7_cortexa9_0/lib -o "ex05.elf"  ./src/ex05.o ./src/platform.o   -Wl,--start-group,-lxil,-lgcc,-lc,--end-group
'Finished building target: ex05.elf'
' '
'Invoking: ARM v7 Print Size'
arm-none-eabi-size ex05.elf  |tee "ex05.elf.size"
   text	   data	    bss	    dec	    hex	filename
  19064	   1144	  22568	  42776	   a718	ex05.elf
'Finished building: ex05.elf.size'
' '
13:08:19 **** Clean-only build of configuration Debug for project ex05 ****
make clean 
rm -rf  ./src/ex05.o ./src/platform.o  ./src/ex05.d ./src/platform.d  ex05.elf.size  ex05.elf
' '
13:08:20 **** Auto Build of configuration Debug for project ex05 ****
make pre-build main-build 
a9-linaro-pre-build-step
' '
'Building file: ../src/ex05.c'
'Invoking: ARM v7 gcc compiler'
arm-none-eabi-gcc -Wall -O0 -g3 -c -fmessage-length=0 -MT"src/ex05.o" -mcpu=cortex-a9 -mfpu=vfpv3 -mfloat-abi=hard -I../../ex01_bsp/ps7_cortexa9_0/include -MMD -MP -MF"src/ex05.d" -MT"src/ex05.o" -o "src/ex05.o" "../src/ex05.c"
../src/ex05.c: In function 'main':
../src/ex05.c:26:30: error: 'TMR_N' undeclared (first use in this function)
  XTmrCtr_SetResetValue(&Tmr, TMR_N, 2 * 100000000);
                              ^~~~~
../src/ex05.c:26:30: note: each undeclared identifier is reported only once for each function it appears in
../src/ex05.c:21:6: warning: variable 'Status' set but not used [-Wunused-but-set-variable]
  int Status;
      ^~~~~~
make: *** [src/subdir.mk:26: src/ex05.o] Error 1
13:09:01 **** Auto Build of configuration Debug for project ex04 ****
make pre-build main-build 
a9-linaro-pre-build-step
' '
'Building file: ../src/ex04.c'
'Invoking: ARM v7 gcc compiler'
arm-none-eabi-gcc -Wall -O0 -g3 -c -fmessage-length=0 -MT"src/ex04.o" -mcpu=cortex-a9 -mfpu=vfpv3 -mfloat-abi=hard -I../../ex01_bsp/ps7_cortexa9_0/include -MMD -MP -MF"src/ex04.d" -MT"src/ex04.o" -o "src/ex04.o" "../src/ex04.c"
../src/ex04.c: In function 'main':
../src/ex04.c:17:6: warning: variable 'Status' set but not used [-Wunused-but-set-variable]
  int Status;
      ^~~~~~
'Finished building: ../src/ex04.c'
' '
'Building target: ex04.elf'
'Invoking: ARM v7 gcc linker'
arm-none-eabi-gcc -mcpu=cortex-a9 -mfpu=vfpv3 -mfloat-abi=hard -Wl,-build-id=none -specs=Xilinx.spec -Wl,-T -Wl,../src/lscript.ld -L../../ex01_bsp/ps7_cortexa9_0/lib -o "ex04.elf"  ./src/ex04.o ./src/platform.o   -Wl,--start-group,-lxil,-lgcc,-lc,--end-group
'Finished building target: ex04.elf'
' '
'Invoking: ARM v7 Print Size'
arm-none-eabi-size ex04.elf  |tee "ex04.elf.size"
   text	   data	    bss	    dec	    hex	filename
  35332	   2352	  23304	  60988	   ee3c	ex04.elf
'Finished building: ex04.elf.size'
' '
13:09:30 **** Auto Build of configuration Debug for project ex05 ****
make pre-build main-build 
a9-linaro-pre-build-step
' '
'Building file: ../src/ex05.c'
'Invoking: ARM v7 gcc compiler'
arm-none-eabi-gcc -Wall -O0 -g3 -c -fmessage-length=0 -MT"src/ex05.o" -mcpu=cortex-a9 -mfpu=vfpv3 -mfloat-abi=hard -I../../ex01_bsp/ps7_cortexa9_0/include -MMD -MP -MF"src/ex05.d" -MT"src/ex05.o" -o "src/ex05.o" "../src/ex05.c"
../src/ex05.c: In function 'main':
../src/ex05.c:21:6: warning: variable 'Status' set but not used [-Wunused-but-set-variable]
  int Status;
      ^~~~~~
'Finished building: ../src/ex05.c'
' '
'Building file: ../src/platform.c'
'Invoking: ARM v7 gcc compiler'
arm-none-eabi-gcc -Wall -O0 -g3 -c -fmessage-length=0 -MT"src/platform.o" -mcpu=cortex-a9 -mfpu=vfpv3 -mfloat-abi=hard -I../../ex01_bsp/ps7_cortexa9_0/include -MMD -MP -MF"src/platform.d" -MT"src/platform.o" -o "src/platform.o" "../src/platform.c"
'Finished building: ../src/platform.c'
' '
'Building target: ex05.elf'
'Invoking: ARM v7 gcc linker'
arm-none-eabi-gcc -mcpu=cortex-a9 -mfpu=vfpv3 -mfloat-abi=hard -Wl,-build-id=none -specs=Xilinx.spec -Wl,-T -Wl,../src/lscript.ld -L../../ex01_bsp/ps7_cortexa9_0/lib -o "ex05.elf"  ./src/ex05.o ./src/platform.o   -Wl,--start-group,-lxil,-lgcc,-lc,--end-group
'Finished building target: ex05.elf'
' '
'Invoking: ARM v7 Print Size'
arm-none-eabi-size ex05.elf  |tee "ex05.elf.size"
   text	   data	    bss	    dec	    hex	filename
  36804	   2336	  23336	  62476	   f40c	ex05.elf
'Finished building: ex05.elf.size'
' '
13:11:22 **** Incremental Build of configuration Debug for project ex05 ****
make pre-build main-build 
a9-linaro-pre-build-step
' '
make: Nothing to be done for 'main-build'.
13:34:55 **** Auto Build of configuration Debug for project ex05 ****
make pre-build main-build 
a9-linaro-pre-build-step
' '
'Building file: ../src/ex05.c'
'Invoking: ARM v7 gcc compiler'
arm-none-eabi-gcc -Wall -O0 -g3 -c -fmessage-length=0 -MT"src/ex05.o" -mcpu=cortex-a9 -mfpu=vfpv3 -mfloat-abi=hard -I../../ex01_bsp/ps7_cortexa9_0/include -MMD -MP -MF"src/ex05.d" -MT"src/ex05.o" -o "src/ex05.o" "../src/ex05.c"
../src/ex05.c: In function 'main':
../src/ex05.c:22:6: warning: variable 'Status' set but not used [-Wunused-but-set-variable]
  int Status;
      ^~~~~~
'Finished building: ../src/ex05.c'
' '
'Building target: ex05.elf'
'Invoking: ARM v7 gcc linker'
arm-none-eabi-gcc -mcpu=cortex-a9 -mfpu=vfpv3 -mfloat-abi=hard -Wl,-build-id=none -specs=Xilinx.spec -Wl,-T -Wl,../src/lscript.ld -L../../ex01_bsp/ps7_cortexa9_0/lib -o "ex05.elf"  ./src/ex05.o ./src/platform.o   -Wl,--start-group,-lxil,-lgcc,-lc,--end-group
'Finished building target: ex05.elf'
' '
'Invoking: ARM v7 Print Size'
arm-none-eabi-size ex05.elf  |tee "ex05.elf.size"
   text	   data	    bss	    dec	    hex	filename
  37916	   2368	  23336	  63620	   f884	ex05.elf
'Finished building: ex05.elf.size'
' '
13:37:20 **** Auto Build of configuration Debug for project ex03 ****
make pre-build main-build 
a9-linaro-pre-build-step
' '
'Building file: ../src/ex03.c'
'Invoking: ARM v7 gcc compiler'
arm-none-eabi-gcc -Wall -O0 -g3 -c -fmessage-length=0 -MT"src/ex03.o" -mcpu=cortex-a9 -mfpu=vfpv3 -mfloat-abi=hard -I../../ex01_bsp/ps7_cortexa9_0/include -MMD -MP -MF"src/ex03.d" -MT"src/ex03.o" -o "src/ex03.o" "../src/ex03.c"
'Finished building: ../src/ex03.c'
' '
'Building target: ex03.elf'
'Invoking: ARM v7 gcc linker'
arm-none-eabi-gcc -mcpu=cortex-a9 -mfpu=vfpv3 -mfloat-abi=hard -Wl,-build-id=none -specs=Xilinx.spec -Wl,-T -Wl,../src/lscript.ld -L../../ex01_bsp/ps7_cortexa9_0/lib -o "ex03.elf"  ./src/ex03.o ./src/platform.o   -Wl,--start-group,-lxil,-lgcc,-lc,--end-group
'Finished building target: ex03.elf'
' '
'Invoking: ARM v7 Print Size'
arm-none-eabi-size ex03.elf  |tee "ex03.elf.size"
   text	   data	    bss	    dec	    hex	filename
  24700	   1192	  22632	  48524	   bd8c	ex03.elf
'Finished building: ex03.elf.size'
' '
13:37:25 **** Incremental Build of configuration Debug for project ex03 ****
make pre-build main-build 
a9-linaro-pre-build-step
' '
make: Nothing to be done for 'main-build'.
13:40:01 **** Incremental Build of configuration Debug for project ex03 ****
make pre-build main-build 
a9-linaro-pre-build-step
' '
'Building file: ../src/ex03.c'
'Invoking: ARM v7 gcc compiler'
arm-none-eabi-gcc -Wall -O0 -g3 -c -fmessage-length=0 -MT"src/ex03.o" -mcpu=cortex-a9 -mfpu=vfpv3 -mfloat-abi=hard -I../../ex01_bsp/ps7_cortexa9_0/include -MMD -MP -MF"src/ex03.d" -MT"src/ex03.o" -o "src/ex03.o" "../src/ex03.c"
'Finished building: ../src/ex03.c'
' '
'Building target: ex03.elf'
'Invoking: ARM v7 gcc linker'
arm-none-eabi-gcc -mcpu=cortex-a9 -mfpu=vfpv3 -mfloat-abi=hard -Wl,-build-id=none -specs=Xilinx.spec -Wl,-T -Wl,../src/lscript.ld -L../../ex01_bsp/ps7_cortexa9_0/lib -o "ex03.elf"  ./src/ex03.o ./src/platform.o   -Wl,--start-group,-lxil,-lgcc,-lc,--end-group
'Finished building target: ex03.elf'
' '
'Invoking: ARM v7 Print Size'
arm-none-eabi-size ex03.elf  |tee "ex03.elf.size"
   text	   data	    bss	    dec	    hex	filename
  24740	   1192	  22632	  48564	   bdb4	ex03.elf
'Finished building: ex03.elf.size'
' '
13:44:22 **** Auto Build of configuration Debug for project ex03 ****
make pre-build main-build 
a9-linaro-pre-build-step
' '
'Building file: ../src/ex03.c'
'Invoking: ARM v7 gcc compiler'
arm-none-eabi-gcc -Wall -O0 -g3 -c -fmessage-length=0 -MT"src/ex03.o" -mcpu=cortex-a9 -mfpu=vfpv3 -mfloat-abi=hard -I../../ex01_bsp/ps7_cortexa9_0/include -MMD -MP -MF"src/ex03.d" -MT"src/ex03.o" -o "src/ex03.o" "../src/ex03.c"
../src/ex03.c: In function 'main':
../src/ex03.c:15:8: warning: unused variable 'aux' [-Wunused-variable]
  int   aux = 0;
        ^~~
'Finished building: ../src/ex03.c'
' '
'Building target: ex03.elf'
'Invoking: ARM v7 gcc linker'
arm-none-eabi-gcc -mcpu=cortex-a9 -mfpu=vfpv3 -mfloat-abi=hard -Wl,-build-id=none -specs=Xilinx.spec -Wl,-T -Wl,../src/lscript.ld -L../../ex01_bsp/ps7_cortexa9_0/lib -o "ex03.elf"  ./src/ex03.o ./src/platform.o   -Wl,--start-group,-lxil,-lgcc,-lc,--end-group
'Finished building target: ex03.elf'
' '
'Invoking: ARM v7 Print Size'
arm-none-eabi-size ex03.elf  |tee "ex03.elf.size"
   text	   data	    bss	    dec	    hex	filename
  24724	   1192	  22632	  48548	   bda4	ex03.elf
'Finished building: ex03.elf.size'
' '
13:45:56 **** Auto Build of configuration Debug for project ex03 ****
make pre-build main-build 
a9-linaro-pre-build-step
' '
'Building file: ../src/ex03.c'
'Invoking: ARM v7 gcc compiler'
arm-none-eabi-gcc -Wall -O0 -g3 -c -fmessage-length=0 -MT"src/ex03.o" -mcpu=cortex-a9 -mfpu=vfpv3 -mfloat-abi=hard -I../../ex01_bsp/ps7_cortexa9_0/include -MMD -MP -MF"src/ex03.d" -MT"src/ex03.o" -o "src/ex03.o" "../src/ex03.c"
'Finished building: ../src/ex03.c'
' '
'Building target: ex03.elf'
'Invoking: ARM v7 gcc linker'
arm-none-eabi-gcc -mcpu=cortex-a9 -mfpu=vfpv3 -mfloat-abi=hard -Wl,-build-id=none -specs=Xilinx.spec -Wl,-T -Wl,../src/lscript.ld -L../../ex01_bsp/ps7_cortexa9_0/lib -o "ex03.elf"  ./src/ex03.o ./src/platform.o   -Wl,--start-group,-lxil,-lgcc,-lc,--end-group
'Finished building target: ex03.elf'
' '
'Invoking: ARM v7 Print Size'
arm-none-eabi-size ex03.elf  |tee "ex03.elf.size"
   text	   data	    bss	    dec	    hex	filename
  24772	   1192	  22632	  48596	   bdd4	ex03.elf
'Finished building: ex03.elf.size'
' '
13:46:02 **** Incremental Build of configuration Debug for project ex03 ****
make pre-build main-build 
a9-linaro-pre-build-step
' '
make: Nothing to be done for 'main-build'.
13:47:15 **** Auto Build of configuration Debug for project ex03 ****
make pre-build main-build 
a9-linaro-pre-build-step
' '
'Building file: ../src/ex03.c'
'Invoking: ARM v7 gcc compiler'
arm-none-eabi-gcc -Wall -O0 -g3 -c -fmessage-length=0 -MT"src/ex03.o" -mcpu=cortex-a9 -mfpu=vfpv3 -mfloat-abi=hard -I../../ex01_bsp/ps7_cortexa9_0/include -MMD -MP -MF"src/ex03.d" -MT"src/ex03.o" -o "src/ex03.o" "../src/ex03.c"
'Finished building: ../src/ex03.c'
' '
'Building target: ex03.elf'
'Invoking: ARM v7 gcc linker'
arm-none-eabi-gcc -mcpu=cortex-a9 -mfpu=vfpv3 -mfloat-abi=hard -Wl,-build-id=none -specs=Xilinx.spec -Wl,-T -Wl,../src/lscript.ld -L../../ex01_bsp/ps7_cortexa9_0/lib -o "ex03.elf"  ./src/ex03.o ./src/platform.o   -Wl,--start-group,-lxil,-lgcc,-lc,--end-group
'Finished building target: ex03.elf'
' '
'Invoking: ARM v7 Print Size'
arm-none-eabi-size ex03.elf  |tee "ex03.elf.size"
   text	   data	    bss	    dec	    hex	filename
  24700	   1192	  22632	  48524	   bd8c	ex03.elf
'Finished building: ex03.elf.size'
' '
13:49:44 **** Auto Build of configuration Debug for project ex03 ****
make pre-build main-build 
a9-linaro-pre-build-step
' '
'Building file: ../src/ex03.c'
'Invoking: ARM v7 gcc compiler'
arm-none-eabi-gcc -Wall -O0 -g3 -c -fmessage-length=0 -MT"src/ex03.o" -mcpu=cortex-a9 -mfpu=vfpv3 -mfloat-abi=hard -I../../ex01_bsp/ps7_cortexa9_0/include -MMD -MP -MF"src/ex03.d" -MT"src/ex03.o" -o "src/ex03.o" "../src/ex03.c"
'Finished building: ../src/ex03.c'
' '
'Building target: ex03.elf'
'Invoking: ARM v7 gcc linker'
arm-none-eabi-gcc -mcpu=cortex-a9 -mfpu=vfpv3 -mfloat-abi=hard -Wl,-build-id=none -specs=Xilinx.spec -Wl,-T -Wl,../src/lscript.ld -L../../ex01_bsp/ps7_cortexa9_0/lib -o "ex03.elf"  ./src/ex03.o ./src/platform.o   -Wl,--start-group,-lxil,-lgcc,-lc,--end-group
'Finished building target: ex03.elf'
' '
'Invoking: ARM v7 Print Size'
arm-none-eabi-size ex03.elf  |tee "ex03.elf.size"
   text	   data	    bss	    dec	    hex	filename
  24764	   1192	  22632	  48588	   bdcc	ex03.elf
'Finished building: ex03.elf.size'
' '
13:49:49 **** Incremental Build of configuration Debug for project ex03 ****
make pre-build main-build 
a9-linaro-pre-build-step
' '
make: Nothing to be done for 'main-build'.
13:50:24 **** Auto Build of configuration Debug for project ex03 ****
make pre-build main-build 
a9-linaro-pre-build-step
' '
'Building file: ../src/ex03.c'
'Invoking: ARM v7 gcc compiler'
arm-none-eabi-gcc -Wall -O0 -g3 -c -fmessage-length=0 -MT"src/ex03.o" -mcpu=cortex-a9 -mfpu=vfpv3 -mfloat-abi=hard -I../../ex01_bsp/ps7_cortexa9_0/include -MMD -MP -MF"src/ex03.d" -MT"src/ex03.o" -o "src/ex03.o" "../src/ex03.c"
'Finished building: ../src/ex03.c'
' '
'Building target: ex03.elf'
'Invoking: ARM v7 gcc linker'
arm-none-eabi-gcc -mcpu=cortex-a9 -mfpu=vfpv3 -mfloat-abi=hard -Wl,-build-id=none -specs=Xilinx.spec -Wl,-T -Wl,../src/lscript.ld -L../../ex01_bsp/ps7_cortexa9_0/lib -o "ex03.elf"  ./src/ex03.o ./src/platform.o   -Wl,--start-group,-lxil,-lgcc,-lc,--end-group
'Finished building target: ex03.elf'
' '
'Invoking: ARM v7 Print Size'
arm-none-eabi-size ex03.elf  |tee "ex03.elf.size"
   text	   data	    bss	    dec	    hex	filename
  24772	   1192	  22632	  48596	   bdd4	ex03.elf
'Finished building: ex03.elf.size'
' '
13:50:31 **** Incremental Build of configuration Debug for project ex03 ****
make pre-build main-build 
a9-linaro-pre-build-step
' '
make: Nothing to be done for 'main-build'.
13:51:08 **** Auto Build of configuration Debug for project ex03 ****
make pre-build main-build 
a9-linaro-pre-build-step
' '
'Building file: ../src/ex03.c'
'Invoking: ARM v7 gcc compiler'
arm-none-eabi-gcc -Wall -O0 -g3 -c -fmessage-length=0 -MT"src/ex03.o" -mcpu=cortex-a9 -mfpu=vfpv3 -mfloat-abi=hard -I../../ex01_bsp/ps7_cortexa9_0/include -MMD -MP -MF"src/ex03.d" -MT"src/ex03.o" -o "src/ex03.o" "../src/ex03.c"
'Finished building: ../src/ex03.c'
' '
'Building target: ex03.elf'
'Invoking: ARM v7 gcc linker'
arm-none-eabi-gcc -mcpu=cortex-a9 -mfpu=vfpv3 -mfloat-abi=hard -Wl,-build-id=none -specs=Xilinx.spec -Wl,-T -Wl,../src/lscript.ld -L../../ex01_bsp/ps7_cortexa9_0/lib -o "ex03.elf"  ./src/ex03.o ./src/platform.o   -Wl,--start-group,-lxil,-lgcc,-lc,--end-group
'Finished building target: ex03.elf'
' '
'Invoking: ARM v7 Print Size'
arm-none-eabi-size ex03.elf  |tee "ex03.elf.size"
   text	   data	    bss	    dec	    hex	filename
  24772	   1192	  22632	  48596	   bdd4	ex03.elf
'Finished building: ex03.elf.size'
' '
13:51:12 **** Auto Build of configuration Debug for project ex03 ****
make pre-build main-build 
a9-linaro-pre-build-step
' '
'Building file: ../src/ex03.c'
'Invoking: ARM v7 gcc compiler'
arm-none-eabi-gcc -Wall -O0 -g3 -c -fmessage-length=0 -MT"src/ex03.o" -mcpu=cortex-a9 -mfpu=vfpv3 -mfloat-abi=hard -I../../ex01_bsp/ps7_cortexa9_0/include -MMD -MP -MF"src/ex03.d" -MT"src/ex03.o" -o "src/ex03.o" "../src/ex03.c"
'Finished building: ../src/ex03.c'
' '
'Building target: ex03.elf'
'Invoking: ARM v7 gcc linker'
arm-none-eabi-gcc -mcpu=cortex-a9 -mfpu=vfpv3 -mfloat-abi=hard -Wl,-build-id=none -specs=Xilinx.spec -Wl,-T -Wl,../src/lscript.ld -L../../ex01_bsp/ps7_cortexa9_0/lib -o "ex03.elf"  ./src/ex03.o ./src/platform.o   -Wl,--start-group,-lxil,-lgcc,-lc,--end-group
'Finished building target: ex03.elf'
' '
'Invoking: ARM v7 Print Size'
arm-none-eabi-size ex03.elf  |tee "ex03.elf.size"
   text	   data	    bss	    dec	    hex	filename
  24772	   1192	  22632	  48596	   bdd4	ex03.elf
'Finished building: ex03.elf.size'
' '
13:54:32 **** Auto Build of configuration Debug for project ex05 ****
make pre-build main-build 
a9-linaro-pre-build-step
' '
'Building file: ../src/ex05.c'
'Invoking: ARM v7 gcc compiler'
arm-none-eabi-gcc -Wall -O0 -g3 -c -fmessage-length=0 -MT"src/ex05.o" -mcpu=cortex-a9 -mfpu=vfpv3 -mfloat-abi=hard -I../../ex01_bsp/ps7_cortexa9_0/include -MMD -MP -MF"src/ex05.d" -MT"src/ex05.o" -o "src/ex05.o" "../src/ex05.c"
../src/ex05.c: In function 'main':
../src/ex05.c:46:52: error: expected expression before '!=' token
  while (XGpio_DiscreteRead(&BUTs, 2) & 0x00000002) != 0)
                                                    ^~
../src/ex05.c:46:2: warning: this 'while' clause does not guard... [-Wmisleading-indentation]
  while (XGpio_DiscreteRead(&BUTs, 2) & 0x00000002) != 0)
  ^~~~~
../src/ex05.c:46:56: note: ...this statement, but the latter is misleadingly indented as if it were guarded by the 'while'
  while (XGpio_DiscreteRead(&BUTs, 2) & 0x00000002) != 0)
                                                        ^
../src/ex05.c:46:56: error: expected statement before ')' token
../src/ex05.c:22:6: warning: variable 'Status' set but not used [-Wunused-but-set-variable]
  int Status;
      ^~~~~~
make: *** [src/subdir.mk:26: src/ex05.o] Error 1
13:55:03 **** Auto Build of configuration Debug for project ex05 ****
make pre-build main-build 
a9-linaro-pre-build-step
' '
'Building file: ../src/ex05.c'
'Invoking: ARM v7 gcc compiler'
arm-none-eabi-gcc -Wall -O0 -g3 -c -fmessage-length=0 -MT"src/ex05.o" -mcpu=cortex-a9 -mfpu=vfpv3 -mfloat-abi=hard -I../../ex01_bsp/ps7_cortexa9_0/include -MMD -MP -MF"src/ex05.d" -MT"src/ex05.o" -o "src/ex05.o" "../src/ex05.c"
../src/ex05.c: In function 'main':
../src/ex05.c:22:6: warning: variable 'Status' set but not used [-Wunused-but-set-variable]
  int Status;
      ^~~~~~
'Finished building: ../src/ex05.c'
' '
'Building target: ex05.elf'
'Invoking: ARM v7 gcc linker'
arm-none-eabi-gcc -mcpu=cortex-a9 -mfpu=vfpv3 -mfloat-abi=hard -Wl,-build-id=none -specs=Xilinx.spec -Wl,-T -Wl,../src/lscript.ld -L../../ex01_bsp/ps7_cortexa9_0/lib -o "ex05.elf"  ./src/ex05.o ./src/platform.o   -Wl,--start-group,-lxil,-lgcc,-lc,--end-group
'Finished building target: ex05.elf'
' '
'Invoking: ARM v7 Print Size'
arm-none-eabi-size ex05.elf  |tee "ex05.elf.size"
   text	   data	    bss	    dec	    hex	filename
  37980	   2368	  23336	  63684	   f8c4	ex05.elf
'Finished building: ex05.elf.size'
' '
13:58:03 **** Auto Build of configuration Debug for project ex05 ****
make pre-build main-build 
a9-linaro-pre-build-step
' '
'Building file: ../src/ex05.c'
'Invoking: ARM v7 gcc compiler'
arm-none-eabi-gcc -Wall -O0 -g3 -c -fmessage-length=0 -MT"src/ex05.o" -mcpu=cortex-a9 -mfpu=vfpv3 -mfloat-abi=hard -I../../ex01_bsp/ps7_cortexa9_0/include -MMD -MP -MF"src/ex05.d" -MT"src/ex05.o" -o "src/ex05.o" "../src/ex05.c"
../src/ex05.c: In function 'main':
../src/ex05.c:23:6: warning: variable 'Status' set but not used [-Wunused-but-set-variable]
  int Status;
      ^~~~~~
../src/ex05.c: In function 'TimerCounterHandler':
../src/ex05.c:87:3: error: 'TCStatus' undeclared (first use in this function); did you mean 'XStatus'?
   TCStatus = XTmrCtr_GetControlStatusReg(TimerCounter.BaseAddress, TmrCtrNumber);
   ^~~~~~~~
   XStatus
../src/ex05.c:87:3: note: each undeclared identifier is reported only once for each function it appears in
In file included from ../../ex01_bsp/ps7_cortexa9_0/include/xtmrctr.h:180,
                 from ../src/ex05.c:4:
../src/ex05.c:87:42: error: 'TimerCounter' undeclared (first use in this function); did you mean 'TimerExpired'?
   TCStatus = XTmrCtr_GetControlStatusReg(TimerCounter.BaseAddress, TmrCtrNumber);
                                          ^~~~~~~~~~~~
../../ex01_bsp/ps7_cortexa9_0/include/xtmrctr_l.h:196:12: note: in definition of macro 'XTmrCtr_ReadReg'
  Xil_In32((BaseAddress) + XTmrCtr_Offsets[(TmrCtrNumber)] + \
            ^~~~~~~~~~~
../src/ex05.c:87:14: note: in expansion of macro 'XTmrCtr_GetControlStatusReg'
   TCStatus = XTmrCtr_GetControlStatusReg(TimerCounter.BaseAddress, TmrCtrNumber);
              ^~~~~~~~~~~~~~~~~~~~~~~~~~~
make: *** [src/subdir.mk:26: src/ex05.o] Error 1
13:58:42 **** Auto Build of configuration Debug for project ex05 ****
make pre-build main-build 
a9-linaro-pre-build-step
' '
'Building file: ../src/ex05.c'
'Invoking: ARM v7 gcc compiler'
arm-none-eabi-gcc -Wall -O0 -g3 -c -fmessage-length=0 -MT"src/ex05.o" -mcpu=cortex-a9 -mfpu=vfpv3 -mfloat-abi=hard -I../../ex01_bsp/ps7_cortexa9_0/include -MMD -MP -MF"src/ex05.d" -MT"src/ex05.o" -o "src/ex05.o" "../src/ex05.c"
../src/ex05.c: In function 'main':
../src/ex05.c:23:6: warning: variable 'Status' set but not used [-Wunused-but-set-variable]
  int Status;
      ^~~~~~
../src/ex05.c: In function 'TimerCounterHandler':
../src/ex05.c:87:3: error: 'TCStatus' undeclared (first use in this function); did you mean 'XStatus'?
   TCStatus = XTmrCtr_GetControlStatusReg(Tmr.BaseAddress, Tmr);
   ^~~~~~~~
   XStatus
../src/ex05.c:87:3: note: each undeclared identifier is reported only once for each function it appears in
In file included from ../../ex01_bsp/ps7_cortexa9_0/include/xtmrctr.h:180,
                 from ../src/ex05.c:4:
../../ex01_bsp/ps7_cortexa9_0/include/xtmrctr_l.h:196:42: error: array subscript is not an integer
  Xil_In32((BaseAddress) + XTmrCtr_Offsets[(TmrCtrNumber)] + \
                                          ^
../../ex01_bsp/ps7_cortexa9_0/include/xtmrctr_l.h:258:2: note: in expansion of macro 'XTmrCtr_ReadReg'
  XTmrCtr_ReadReg((BaseAddress), (TmrCtrNumber), XTC_TCSR_OFFSET)
  ^~~~~~~~~~~~~~~
../src/ex05.c:87:14: note: in expansion of macro 'XTmrCtr_GetControlStatusReg'
   TCStatus = XTmrCtr_GetControlStatusReg(Tmr.BaseAddress, Tmr);
              ^~~~~~~~~~~~~~~~~~~~~~~~~~~
../src/ex05.c:89:17: error: 'TimerCounter' undeclared (first use in this function); did you mean 'TimerExpired'?
   XTmrCtr_Stop(&TimerCounter, TmrCtrNumber);
                 ^~~~~~~~~~~~
                 TimerExpired
make: *** [src/subdir.mk:26: src/ex05.o] Error 1
13:59:06 **** Auto Build of configuration Debug for project ex05 ****
make pre-build main-build 
a9-linaro-pre-build-step
' '
'Building file: ../src/ex05.c'
'Invoking: ARM v7 gcc compiler'
arm-none-eabi-gcc -Wall -O0 -g3 -c -fmessage-length=0 -MT"src/ex05.o" -mcpu=cortex-a9 -mfpu=vfpv3 -mfloat-abi=hard -I../../ex01_bsp/ps7_cortexa9_0/include -MMD -MP -MF"src/ex05.d" -MT"src/ex05.o" -o "src/ex05.o" "../src/ex05.c"
../src/ex05.c: In function 'main':
../src/ex05.c:23:6: warning: variable 'Status' set but not used [-Wunused-but-set-variable]
  int Status;
      ^~~~~~
In file included from ../../ex01_bsp/ps7_cortexa9_0/include/xtmrctr.h:180,
                 from ../src/ex05.c:4:
../src/ex05.c: In function 'TimerCounterHandler':
../../ex01_bsp/ps7_cortexa9_0/include/xtmrctr_l.h:196:42: error: array subscript is not an integer
  Xil_In32((BaseAddress) + XTmrCtr_Offsets[(TmrCtrNumber)] + \
                                          ^
../../ex01_bsp/ps7_cortexa9_0/include/xtmrctr_l.h:258:2: note: in expansion of macro 'XTmrCtr_ReadReg'
  XTmrCtr_ReadReg((BaseAddress), (TmrCtrNumber), XTC_TCSR_OFFSET)
  ^~~~~~~~~~~~~~~
../src/ex05.c:89:14: note: in expansion of macro 'XTmrCtr_GetControlStatusReg'
   TCStatus = XTmrCtr_GetControlStatusReg(Tmr.BaseAddress, Tmr);
              ^~~~~~~~~~~~~~~~~~~~~~~~~~~
../src/ex05.c:91:17: error: 'TimerCounter' undeclared (first use in this function); did you mean 'TimerExpired'?
   XTmrCtr_Stop(&TimerCounter, TmrCtrNumber);
                 ^~~~~~~~~~~~
                 TimerExpired
../src/ex05.c:91:17: note: each undeclared identifier is reported only once for each function it appears in
make: *** [src/subdir.mk:26: src/ex05.o] Error 1
13:59:46 **** Auto Build of configuration Debug for project ex05 ****
make pre-build main-build 
a9-linaro-pre-build-step
' '
'Building file: ../src/ex05.c'
'Invoking: ARM v7 gcc compiler'
arm-none-eabi-gcc -Wall -O0 -g3 -c -fmessage-length=0 -MT"src/ex05.o" -mcpu=cortex-a9 -mfpu=vfpv3 -mfloat-abi=hard -I../../ex01_bsp/ps7_cortexa9_0/include -MMD -MP -MF"src/ex05.d" -MT"src/ex05.o" -o "src/ex05.o" "../src/ex05.c"
../src/ex05.c: In function 'main':
../src/ex05.c:23:6: warning: variable 'Status' set but not used [-Wunused-but-set-variable]
  int Status;
      ^~~~~~
../src/ex05.c: In function 'TimerCounterHandler':
../src/ex05.c:91:17: error: 'TimerCounter' undeclared (first use in this function); did you mean 'TimerExpired'?
   XTmrCtr_Stop(&TimerCounter, TmrCtrNumber);
                 ^~~~~~~~~~~~
                 TimerExpired
../src/ex05.c:91:17: note: each undeclared identifier is reported only once for each function it appears in
make: *** [src/subdir.mk:26: src/ex05.o] Error 1
13:59:54 **** Auto Build of configuration Debug for project ex05 ****
make pre-build main-build 
a9-linaro-pre-build-step
' '
'Building file: ../src/ex05.c'
'Invoking: ARM v7 gcc compiler'
arm-none-eabi-gcc -Wall -O0 -g3 -c -fmessage-length=0 -MT"src/ex05.o" -mcpu=cortex-a9 -mfpu=vfpv3 -mfloat-abi=hard -I../../ex01_bsp/ps7_cortexa9_0/include -MMD -MP -MF"src/ex05.d" -MT"src/ex05.o" -o "src/ex05.o" "../src/ex05.c"
../src/ex05.c: In function 'main':
../src/ex05.c:23:6: warning: variable 'Status' set but not used [-Wunused-but-set-variable]
  int Status;
      ^~~~~~
'Finished building: ../src/ex05.c'
' '
'Building target: ex05.elf'
'Invoking: ARM v7 gcc linker'
arm-none-eabi-gcc -mcpu=cortex-a9 -mfpu=vfpv3 -mfloat-abi=hard -Wl,-build-id=none -specs=Xilinx.spec -Wl,-T -Wl,../src/lscript.ld -L../../ex01_bsp/ps7_cortexa9_0/lib -o "ex05.elf"  ./src/ex05.o ./src/platform.o   -Wl,--start-group,-lxil,-lgcc,-lc,--end-group
'Finished building target: ex05.elf'
' '
'Invoking: ARM v7 Print Size'
arm-none-eabi-size ex05.elf  |tee "ex05.elf.size"
   text	   data	    bss	    dec	    hex	filename
  38172	   2368	  23336	  63876	   f984	ex05.elf
'Finished building: ex05.elf.size'
' '
14:00:30 **** Auto Build of configuration Debug for project ex05 ****
make pre-build main-build 
a9-linaro-pre-build-step
' '
'Building file: ../src/ex05.c'
'Invoking: ARM v7 gcc compiler'
arm-none-eabi-gcc -Wall -O0 -g3 -c -fmessage-length=0 -MT"src/ex05.o" -mcpu=cortex-a9 -mfpu=vfpv3 -mfloat-abi=hard -I../../ex01_bsp/ps7_cortexa9_0/include -MMD -MP -MF"src/ex05.d" -MT"src/ex05.o" -o "src/ex05.o" "../src/ex05.c"
../src/ex05.c: In function 'main':
../src/ex05.c:22:6: warning: variable 'Status' set but not used [-Wunused-but-set-variable]
  int Status;
      ^~~~~~
'Finished building: ../src/ex05.c'
' '
'Building target: ex05.elf'
'Invoking: ARM v7 gcc linker'
arm-none-eabi-gcc -mcpu=cortex-a9 -mfpu=vfpv3 -mfloat-abi=hard -Wl,-build-id=none -specs=Xilinx.spec -Wl,-T -Wl,../src/lscript.ld -L../../ex01_bsp/ps7_cortexa9_0/lib -o "ex05.elf"  ./src/ex05.o ./src/platform.o   -Wl,--start-group,-lxil,-lgcc,-lc,--end-group
'Finished building target: ex05.elf'
' '
'Invoking: ARM v7 Print Size'
arm-none-eabi-size ex05.elf  |tee "ex05.elf.size"
   text	   data	    bss	    dec	    hex	filename
  38172	   2368	  23336	  63876	   f984	ex05.elf
'Finished building: ex05.elf.size'
' '
14:00:37 **** Incremental Build of configuration Debug for project ex05 ****
make pre-build main-build 
a9-linaro-pre-build-step
' '
make: Nothing to be done for 'main-build'.
14:02:53 **** Auto Build of configuration Debug for project ex05 ****
make pre-build main-build 
a9-linaro-pre-build-step
' '
'Building file: ../src/ex05.c'
'Invoking: ARM v7 gcc compiler'
arm-none-eabi-gcc -Wall -O0 -g3 -c -fmessage-length=0 -MT"src/ex05.o" -mcpu=cortex-a9 -mfpu=vfpv3 -mfloat-abi=hard -I../../ex01_bsp/ps7_cortexa9_0/include -MMD -MP -MF"src/ex05.d" -MT"src/ex05.o" -o "src/ex05.o" "../src/ex05.c"
../src/ex05.c: In function 'main':
../src/ex05.c:22:6: warning: variable 'Status' set but not used [-Wunused-but-set-variable]
  int Status;
      ^~~~~~
../src/ex05.c: In function 'TimerCounterHandler':
../src/ex05.c:90:31: error: 'BUTs' undeclared (first use in this function)
   while ((XGpio_DiscreteRead(&BUTs, 2) & 0x00000002) == 0) {}
                               ^~~~
../src/ex05.c:90:31: note: each undeclared identifier is reported only once for each function it appears in
make: *** [src/subdir.mk:26: src/ex05.o] Error 1
14:03:12 **** Auto Build of configuration Debug for project ex05 ****
make pre-build main-build 
a9-linaro-pre-build-step
' '
'Building file: ../src/ex05.c'
'Invoking: ARM v7 gcc compiler'
arm-none-eabi-gcc -Wall -O0 -g3 -c -fmessage-length=0 -MT"src/ex05.o" -mcpu=cortex-a9 -mfpu=vfpv3 -mfloat-abi=hard -I../../ex01_bsp/ps7_cortexa9_0/include -MMD -MP -MF"src/ex05.d" -MT"src/ex05.o" -o "src/ex05.o" "../src/ex05.c"
../src/ex05.c: In function 'main':
../src/ex05.c:23:6: warning: variable 'Status' set but not used [-Wunused-but-set-variable]
  int Status;
      ^~~~~~
'Finished building: ../src/ex05.c'
' '
'Building target: ex05.elf'
'Invoking: ARM v7 gcc linker'
arm-none-eabi-gcc -mcpu=cortex-a9 -mfpu=vfpv3 -mfloat-abi=hard -Wl,-build-id=none -specs=Xilinx.spec -Wl,-T -Wl,../src/lscript.ld -L../../ex01_bsp/ps7_cortexa9_0/lib -o "ex05.elf"  ./src/ex05.o ./src/platform.o   -Wl,--start-group,-lxil,-lgcc,-lc,--end-group
'Finished building target: ex05.elf'
' '
'Invoking: ARM v7 Print Size'
arm-none-eabi-size ex05.elf  |tee "ex05.elf.size"
   text	   data	    bss	    dec	    hex	filename
  38172	   2368	  23352	  63892	   f994	ex05.elf
'Finished building: ex05.elf.size'
' '
14:03:24 **** Incremental Build of configuration Debug for project ex05 ****
make pre-build main-build 
a9-linaro-pre-build-step
' '
make: Nothing to be done for 'main-build'.
14:06:03 **** Auto Build of configuration Debug for project ex05 ****
make pre-build main-build 
a9-linaro-pre-build-step
' '
'Building file: ../src/ex05.c'
'Invoking: ARM v7 gcc compiler'
arm-none-eabi-gcc -Wall -O0 -g3 -c -fmessage-length=0 -MT"src/ex05.o" -mcpu=cortex-a9 -mfpu=vfpv3 -mfloat-abi=hard -I../../ex01_bsp/ps7_cortexa9_0/include -MMD -MP -MF"src/ex05.d" -MT"src/ex05.o" -o "src/ex05.o" "../src/ex05.c"
../src/ex05.c: In function 'main':
../src/ex05.c:23:6: warning: variable 'Status' set but not used [-Wunused-but-set-variable]
  int Status;
      ^~~~~~
'Finished building: ../src/ex05.c'
' '
'Building target: ex05.elf'
'Invoking: ARM v7 gcc linker'
arm-none-eabi-gcc -mcpu=cortex-a9 -mfpu=vfpv3 -mfloat-abi=hard -Wl,-build-id=none -specs=Xilinx.spec -Wl,-T -Wl,../src/lscript.ld -L../../ex01_bsp/ps7_cortexa9_0/lib -o "ex05.elf"  ./src/ex05.o ./src/platform.o   -Wl,--start-group,-lxil,-lgcc,-lc,--end-group
'Finished building target: ex05.elf'
' '
'Invoking: ARM v7 Print Size'
arm-none-eabi-size ex05.elf  |tee "ex05.elf.size"
   text	   data	    bss	    dec	    hex	filename
  38172	   2368	  23352	  63892	   f994	ex05.elf
'Finished building: ex05.elf.size'
' '
14:06:10 **** Incremental Build of configuration Debug for project ex05 ****
make pre-build main-build 
a9-linaro-pre-build-step
' '
make: Nothing to be done for 'main-build'.
14:10:10 **** Auto Build of configuration Debug for project ex05 ****
make pre-build main-build 
a9-linaro-pre-build-step
' '
'Building file: ../src/ex05.c'
'Invoking: ARM v7 gcc compiler'
arm-none-eabi-gcc -Wall -O0 -g3 -c -fmessage-length=0 -MT"src/ex05.o" -mcpu=cortex-a9 -mfpu=vfpv3 -mfloat-abi=hard -I../../ex01_bsp/ps7_cortexa9_0/include -MMD -MP -MF"src/ex05.d" -MT"src/ex05.o" -o "src/ex05.o" "../src/ex05.c"
../src/ex05.c: In function 'main':
../src/ex05.c:23:6: warning: variable 'Status' set but not used [-Wunused-but-set-variable]
  int Status;
      ^~~~~~
'Finished building: ../src/ex05.c'
' '
'Building target: ex05.elf'
'Invoking: ARM v7 gcc linker'
arm-none-eabi-gcc -mcpu=cortex-a9 -mfpu=vfpv3 -mfloat-abi=hard -Wl,-build-id=none -specs=Xilinx.spec -Wl,-T -Wl,../src/lscript.ld -L../../ex01_bsp/ps7_cortexa9_0/lib -o "ex05.elf"  ./src/ex05.o ./src/platform.o   -Wl,--start-group,-lxil,-lgcc,-lc,--end-group
'Finished building target: ex05.elf'
' '
'Invoking: ARM v7 Print Size'
arm-none-eabi-size ex05.elf  |tee "ex05.elf.size"
   text	   data	    bss	    dec	    hex	filename
  38172	   2368	  23352	  63892	   f994	ex05.elf
'Finished building: ex05.elf.size'
' '
14:10:14 **** Incremental Build of configuration Debug for project ex05 ****
make pre-build main-build 
a9-linaro-pre-build-step
' '
make: Nothing to be done for 'main-build'.
14:10:34 **** Auto Build of configuration Debug for project ex05 ****
make pre-build main-build 
a9-linaro-pre-build-step
' '
'Building file: ../src/ex05.c'
'Invoking: ARM v7 gcc compiler'
arm-none-eabi-gcc -Wall -O0 -g3 -c -fmessage-length=0 -MT"src/ex05.o" -mcpu=cortex-a9 -mfpu=vfpv3 -mfloat-abi=hard -I../../ex01_bsp/ps7_cortexa9_0/include -MMD -MP -MF"src/ex05.d" -MT"src/ex05.o" -o "src/ex05.o" "../src/ex05.c"
../src/ex05.c: In function 'main':
../src/ex05.c:23:6: warning: variable 'Status' set but not used [-Wunused-but-set-variable]
  int Status;
      ^~~~~~
'Finished building: ../src/ex05.c'
' '
'Building target: ex05.elf'
'Invoking: ARM v7 gcc linker'
arm-none-eabi-gcc -mcpu=cortex-a9 -mfpu=vfpv3 -mfloat-abi=hard -Wl,-build-id=none -specs=Xilinx.spec -Wl,-T -Wl,../src/lscript.ld -L../../ex01_bsp/ps7_cortexa9_0/lib -o "ex05.elf"  ./src/ex05.o ./src/platform.o   -Wl,--start-group,-lxil,-lgcc,-lc,--end-group
'Finished building target: ex05.elf'
' '
'Invoking: ARM v7 Print Size'
arm-none-eabi-size ex05.elf  |tee "ex05.elf.size"
   text	   data	    bss	    dec	    hex	filename
  38172	   2368	  23352	  63892	   f994	ex05.elf
'Finished building: ex05.elf.size'
' '
14:10:40 **** Incremental Build of configuration Debug for project ex05 ****
make pre-build main-build 
a9-linaro-pre-build-step
' '
make: Nothing to be done for 'main-build'.
14:11:07 **** Auto Build of configuration Debug for project ex05 ****
make pre-build main-build 
a9-linaro-pre-build-step
' '
'Building file: ../src/ex05.c'
'Invoking: ARM v7 gcc compiler'
arm-none-eabi-gcc -Wall -O0 -g3 -c -fmessage-length=0 -MT"src/ex05.o" -mcpu=cortex-a9 -mfpu=vfpv3 -mfloat-abi=hard -I../../ex01_bsp/ps7_cortexa9_0/include -MMD -MP -MF"src/ex05.d" -MT"src/ex05.o" -o "src/ex05.o" "../src/ex05.c"
../src/ex05.c: In function 'main':
../src/ex05.c:23:6: warning: variable 'Status' set but not used [-Wunused-but-set-variable]
  int Status;
      ^~~~~~
'Finished building: ../src/ex05.c'
' '
'Building target: ex05.elf'
'Invoking: ARM v7 gcc linker'
arm-none-eabi-gcc -mcpu=cortex-a9 -mfpu=vfpv3 -mfloat-abi=hard -Wl,-build-id=none -specs=Xilinx.spec -Wl,-T -Wl,../src/lscript.ld -L../../ex01_bsp/ps7_cortexa9_0/lib -o "ex05.elf"  ./src/ex05.o ./src/platform.o   -Wl,--start-group,-lxil,-lgcc,-lc,--end-group
'Finished building target: ex05.elf'
' '
'Invoking: ARM v7 Print Size'
arm-none-eabi-size ex05.elf  |tee "ex05.elf.size"
   text	   data	    bss	    dec	    hex	filename
  38172	   2368	  23352	  63892	   f994	ex05.elf
'Finished building: ex05.elf.size'
' '
14:11:11 **** Incremental Build of configuration Debug for project ex05 ****
make pre-build main-build 
a9-linaro-pre-build-step
' '
make: Nothing to be done for 'main-build'.
14:11:56 **** Incremental Build of configuration Debug for project ex05 ****
make pre-build main-build 
a9-linaro-pre-build-step
' '
make: Nothing to be done for 'main-build'.
14:13:11 **** Auto Build of configuration Debug for project ex05 ****
make pre-build main-build 
a9-linaro-pre-build-step
' '
'Building file: ../src/ex05.c'
'Invoking: ARM v7 gcc compiler'
arm-none-eabi-gcc -Wall -O0 -g3 -c -fmessage-length=0 -MT"src/ex05.o" -mcpu=cortex-a9 -mfpu=vfpv3 -mfloat-abi=hard -I../../ex01_bsp/ps7_cortexa9_0/include -MMD -MP -MF"src/ex05.d" -MT"src/ex05.o" -o "src/ex05.o" "../src/ex05.c"
../src/ex05.c: In function 'main':
../src/ex05.c:23:6: warning: variable 'Status' set but not used [-Wunused-but-set-variable]
  int Status;
      ^~~~~~
'Finished building: ../src/ex05.c'
' '
'Building target: ex05.elf'
'Invoking: ARM v7 gcc linker'
arm-none-eabi-gcc -mcpu=cortex-a9 -mfpu=vfpv3 -mfloat-abi=hard -Wl,-build-id=none -specs=Xilinx.spec -Wl,-T -Wl,../src/lscript.ld -L../../ex01_bsp/ps7_cortexa9_0/lib -o "ex05.elf"  ./src/ex05.o ./src/platform.o   -Wl,--start-group,-lxil,-lgcc,-lc,--end-group
'Finished building target: ex05.elf'
' '
'Invoking: ARM v7 Print Size'
arm-none-eabi-size ex05.elf  |tee "ex05.elf.size"
   text	   data	    bss	    dec	    hex	filename
  38108	   2368	  23352	  63828	   f954	ex05.elf
'Finished building: ex05.elf.size'
' '
14:13:20 **** Incremental Build of configuration Debug for project ex05 ****
make pre-build main-build 
a9-linaro-pre-build-step
' '
make: Nothing to be done for 'main-build'.
14:14:40 **** Incremental Build of configuration Debug for project ex05 ****
make pre-build main-build 
a9-linaro-pre-build-step
' '
make: Nothing to be done for 'main-build'.
14:14:50 **** Incremental Build of configuration Debug for project ex05 ****
make pre-build main-build 
a9-linaro-pre-build-step
' '
make: Nothing to be done for 'main-build'.
14:15:42 **** Auto Build of configuration Debug for project ex05 ****
make pre-build main-build 
a9-linaro-pre-build-step
' '
'Building file: ../src/ex05.c'
'Invoking: ARM v7 gcc compiler'
arm-none-eabi-gcc -Wall -O0 -g3 -c -fmessage-length=0 -MT"src/ex05.o" -mcpu=cortex-a9 -mfpu=vfpv3 -mfloat-abi=hard -I../../ex01_bsp/ps7_cortexa9_0/include -MMD -MP -MF"src/ex05.d" -MT"src/ex05.o" -o "src/ex05.o" "../src/ex05.c"
../src/ex05.c: In function 'main':
../src/ex05.c:23:6: warning: variable 'Status' set but not used [-Wunused-but-set-variable]
  int Status;
      ^~~~~~
'Finished building: ../src/ex05.c'
' '
'Building target: ex05.elf'
'Invoking: ARM v7 gcc linker'
arm-none-eabi-gcc -mcpu=cortex-a9 -mfpu=vfpv3 -mfloat-abi=hard -Wl,-build-id=none -specs=Xilinx.spec -Wl,-T -Wl,../src/lscript.ld -L../../ex01_bsp/ps7_cortexa9_0/lib -o "ex05.elf"  ./src/ex05.o ./src/platform.o   -Wl,--start-group,-lxil,-lgcc,-lc,--end-group
'Finished building target: ex05.elf'
' '
'Invoking: ARM v7 Print Size'
arm-none-eabi-size ex05.elf  |tee "ex05.elf.size"
   text	   data	    bss	    dec	    hex	filename
  38172	   2368	  23352	  63892	   f994	ex05.elf
'Finished building: ex05.elf.size'
' '
14:15:46 **** Incremental Build of configuration Debug for project ex05 ****
make pre-build main-build 
a9-linaro-pre-build-step
' '
make: Nothing to be done for 'main-build'.
14:16:56 **** Auto Build of configuration Debug for project ex05 ****
make pre-build main-build 
a9-linaro-pre-build-step
' '
'Building file: ../src/ex05.c'
'Invoking: ARM v7 gcc compiler'
arm-none-eabi-gcc -Wall -O0 -g3 -c -fmessage-length=0 -MT"src/ex05.o" -mcpu=cortex-a9 -mfpu=vfpv3 -mfloat-abi=hard -I../../ex01_bsp/ps7_cortexa9_0/include -MMD -MP -MF"src/ex05.d" -MT"src/ex05.o" -o "src/ex05.o" "../src/ex05.c"
../src/ex05.c: In function 'main':
../src/ex05.c:23:6: warning: variable 'Status' set but not used [-Wunused-but-set-variable]
  int Status;
      ^~~~~~
'Finished building: ../src/ex05.c'
' '
'Building target: ex05.elf'
'Invoking: ARM v7 gcc linker'
arm-none-eabi-gcc -mcpu=cortex-a9 -mfpu=vfpv3 -mfloat-abi=hard -Wl,-build-id=none -specs=Xilinx.spec -Wl,-T -Wl,../src/lscript.ld -L../../ex01_bsp/ps7_cortexa9_0/lib -o "ex05.elf"  ./src/ex05.o ./src/platform.o   -Wl,--start-group,-lxil,-lgcc,-lc,--end-group
'Finished building target: ex05.elf'
' '
'Invoking: ARM v7 Print Size'
arm-none-eabi-size ex05.elf  |tee "ex05.elf.size"
   text	   data	    bss	    dec	    hex	filename
  38172	   2368	  23352	  63892	   f994	ex05.elf
'Finished building: ex05.elf.size'
' '
14:18:24 **** Incremental Build of configuration Debug for project ex05 ****
make pre-build main-build 
a9-linaro-pre-build-step
' '
make: Nothing to be done for 'main-build'.
14:18:52 **** Incremental Build of configuration Debug for project ex05 ****
make pre-build main-build 
a9-linaro-pre-build-step
' '
make: Nothing to be done for 'main-build'.
14:20:35 **** Auto Build of configuration Debug for project ex05 ****
make pre-build main-build 
a9-linaro-pre-build-step
' '
'Building file: ../src/ex05.c'
'Invoking: ARM v7 gcc compiler'
arm-none-eabi-gcc -Wall -O0 -g3 -c -fmessage-length=0 -MT"src/ex05.o" -mcpu=cortex-a9 -mfpu=vfpv3 -mfloat-abi=hard -I../../ex01_bsp/ps7_cortexa9_0/include -MMD -MP -MF"src/ex05.d" -MT"src/ex05.o" -o "src/ex05.o" "../src/ex05.c"
../src/ex05.c: In function 'main':
../src/ex05.c:23:6: warning: variable 'Status' set but not used [-Wunused-but-set-variable]
  int Status;
      ^~~~~~
'Finished building: ../src/ex05.c'
' '
'Building target: ex05.elf'
'Invoking: ARM v7 gcc linker'
arm-none-eabi-gcc -mcpu=cortex-a9 -mfpu=vfpv3 -mfloat-abi=hard -Wl,-build-id=none -specs=Xilinx.spec -Wl,-T -Wl,../src/lscript.ld -L../../ex01_bsp/ps7_cortexa9_0/lib -o "ex05.elf"  ./src/ex05.o ./src/platform.o   -Wl,--start-group,-lxil,-lgcc,-lc,--end-group
'Finished building target: ex05.elf'
' '
'Invoking: ARM v7 Print Size'
arm-none-eabi-size ex05.elf  |tee "ex05.elf.size"
   text	   data	    bss	    dec	    hex	filename
  38180	   2368	  23352	  63900	   f99c	ex05.elf
'Finished building: ex05.elf.size'
' '
14:20:38 **** Incremental Build of configuration Debug for project ex05 ****
make pre-build main-build 
a9-linaro-pre-build-step
' '
make: Nothing to be done for 'main-build'.
14:21:06 **** Auto Build of configuration Debug for project ex05 ****
make pre-build main-build 
a9-linaro-pre-build-step
' '
'Building file: ../src/ex05.c'
'Invoking: ARM v7 gcc compiler'
arm-none-eabi-gcc -Wall -O0 -g3 -c -fmessage-length=0 -MT"src/ex05.o" -mcpu=cortex-a9 -mfpu=vfpv3 -mfloat-abi=hard -I../../ex01_bsp/ps7_cortexa9_0/include -MMD -MP -MF"src/ex05.d" -MT"src/ex05.o" -o "src/ex05.o" "../src/ex05.c"
../src/ex05.c: In function 'main':
../src/ex05.c:23:6: warning: variable 'Status' set but not used [-Wunused-but-set-variable]
  int Status;
      ^~~~~~
'Finished building: ../src/ex05.c'
' '
'Building target: ex05.elf'
'Invoking: ARM v7 gcc linker'
arm-none-eabi-gcc -mcpu=cortex-a9 -mfpu=vfpv3 -mfloat-abi=hard -Wl,-build-id=none -specs=Xilinx.spec -Wl,-T -Wl,../src/lscript.ld -L../../ex01_bsp/ps7_cortexa9_0/lib -o "ex05.elf"  ./src/ex05.o ./src/platform.o   -Wl,--start-group,-lxil,-lgcc,-lc,--end-group
'Finished building target: ex05.elf'
' '
'Invoking: ARM v7 Print Size'
arm-none-eabi-size ex05.elf  |tee "ex05.elf.size"
   text	   data	    bss	    dec	    hex	filename
  38252	   2368	  23352	  63972	   f9e4	ex05.elf
'Finished building: ex05.elf.size'
' '
14:21:09 **** Incremental Build of configuration Debug for project ex05 ****
make pre-build main-build 
a9-linaro-pre-build-step
' '
make: Nothing to be done for 'main-build'.
14:25:38 **** Auto Build of configuration Debug for project ex05 ****
make pre-build main-build 
a9-linaro-pre-build-step
' '
'Building file: ../src/ex05.c'
'Invoking: ARM v7 gcc compiler'
arm-none-eabi-gcc -Wall -O0 -g3 -c -fmessage-length=0 -MT"src/ex05.o" -mcpu=cortex-a9 -mfpu=vfpv3 -mfloat-abi=hard -I../../ex01_bsp/ps7_cortexa9_0/include -MMD -MP -MF"src/ex05.d" -MT"src/ex05.o" -o "src/ex05.o" "../src/ex05.c"
../src/ex05.c: In function 'main':
../src/ex05.c:23:6: warning: variable 'Status' set but not used [-Wunused-but-set-variable]
  int Status;
      ^~~~~~
'Finished building: ../src/ex05.c'
' '
'Building target: ex05.elf'
'Invoking: ARM v7 gcc linker'
arm-none-eabi-gcc -mcpu=cortex-a9 -mfpu=vfpv3 -mfloat-abi=hard -Wl,-build-id=none -specs=Xilinx.spec -Wl,-T -Wl,../src/lscript.ld -L../../ex01_bsp/ps7_cortexa9_0/lib -o "ex05.elf"  ./src/ex05.o ./src/platform.o   -Wl,--start-group,-lxil,-lgcc,-lc,--end-group
'Finished building target: ex05.elf'
' '
'Invoking: ARM v7 Print Size'
arm-none-eabi-size ex05.elf  |tee "ex05.elf.size"
   text	   data	    bss	    dec	    hex	filename
  38236	   2368	  23352	  63956	   f9d4	ex05.elf
'Finished building: ex05.elf.size'
' '
14:25:45 **** Incremental Build of configuration Debug for project ex05 ****
make pre-build main-build 
a9-linaro-pre-build-step
' '
make: Nothing to be done for 'main-build'.
14:25:58 **** Auto Build of configuration Debug for project ex05 ****
make pre-build main-build 
a9-linaro-pre-build-step
' '
'Building file: ../src/ex05.c'
'Invoking: ARM v7 gcc compiler'
arm-none-eabi-gcc -Wall -O0 -g3 -c -fmessage-length=0 -MT"src/ex05.o" -mcpu=cortex-a9 -mfpu=vfpv3 -mfloat-abi=hard -I../../ex01_bsp/ps7_cortexa9_0/include -MMD -MP -MF"src/ex05.d" -MT"src/ex05.o" -o "src/ex05.o" "../src/ex05.c"
../src/ex05.c: In function 'main':
../src/ex05.c:23:6: warning: variable 'Status' set but not used [-Wunused-but-set-variable]
  int Status;
      ^~~~~~
'Finished building: ../src/ex05.c'
' '
'Building target: ex05.elf'
'Invoking: ARM v7 gcc linker'
arm-none-eabi-gcc -mcpu=cortex-a9 -mfpu=vfpv3 -mfloat-abi=hard -Wl,-build-id=none -specs=Xilinx.spec -Wl,-T -Wl,../src/lscript.ld -L../../ex01_bsp/ps7_cortexa9_0/lib -o "ex05.elf"  ./src/ex05.o ./src/platform.o   -Wl,--start-group,-lxil,-lgcc,-lc,--end-group
'Finished building target: ex05.elf'
' '
'Invoking: ARM v7 Print Size'
arm-none-eabi-size ex05.elf  |tee "ex05.elf.size"
   text	   data	    bss	    dec	    hex	filename
  38172	   2368	  23352	  63892	   f994	ex05.elf
'Finished building: ex05.elf.size'
' '
14:32:24 **** Incremental Build of configuration Debug for project ex05 ****
make pre-build main-build 
a9-linaro-pre-build-step
' '
make: Nothing to be done for 'main-build'.
14:32:46 **** Incremental Build of configuration Debug for project ex05 ****
make pre-build main-build 
a9-linaro-pre-build-step
' '
make: Nothing to be done for 'main-build'.
14:33:27 **** Auto Build of configuration Debug for project ex05 ****
make pre-build main-build 
a9-linaro-pre-build-step
' '
'Building file: ../src/ex05.c'
'Invoking: ARM v7 gcc compiler'
arm-none-eabi-gcc -Wall -O0 -g3 -c -fmessage-length=0 -MT"src/ex05.o" -mcpu=cortex-a9 -mfpu=vfpv3 -mfloat-abi=hard -I../../ex01_bsp/ps7_cortexa9_0/include -MMD -MP -MF"src/ex05.d" -MT"src/ex05.o" -o "src/ex05.o" "../src/ex05.c"
../src/ex05.c: In function 'main':
../src/ex05.c:23:6: warning: variable 'Status' set but not used [-Wunused-but-set-variable]
  int Status;
      ^~~~~~
../src/ex05.c: In function 'TimerCounterHandler':
../src/ex05.c:82:11: warning: unused variable 'TCStatus' [-Wunused-variable]
  uint32_t TCStatus;
           ^~~~~~~~
'Finished building: ../src/ex05.c'
' '
'Building target: ex05.elf'
'Invoking: ARM v7 gcc linker'
arm-none-eabi-gcc -mcpu=cortex-a9 -mfpu=vfpv3 -mfloat-abi=hard -Wl,-build-id=none -specs=Xilinx.spec -Wl,-T -Wl,../src/lscript.ld -L../../ex01_bsp/ps7_cortexa9_0/lib -o "ex05.elf"  ./src/ex05.o ./src/platform.o   -Wl,--start-group,-lxil,-lgcc,-lc,--end-group
'Finished building target: ex05.elf'
' '
'Invoking: ARM v7 Print Size'
arm-none-eabi-size ex05.elf  |tee "ex05.elf.size"
   text	   data	    bss	    dec	    hex	filename
  37980	   2368	  23352	  63700	   f8d4	ex05.elf
'Finished building: ex05.elf.size'
' '
14:33:32 **** Incremental Build of configuration Debug for project ex05 ****
make pre-build main-build 
a9-linaro-pre-build-step
' '
make: Nothing to be done for 'main-build'.
14:39:52 **** Auto Build of configuration Debug for project ex05 ****
make pre-build main-build 
a9-linaro-pre-build-step
' '
'Building file: ../src/ex05.c'
'Invoking: ARM v7 gcc compiler'
arm-none-eabi-gcc -Wall -O0 -g3 -c -fmessage-length=0 -MT"src/ex05.o" -mcpu=cortex-a9 -mfpu=vfpv3 -mfloat-abi=hard -I../../ex01_bsp/ps7_cortexa9_0/include -MMD -MP -MF"src/ex05.d" -MT"src/ex05.o" -o "src/ex05.o" "../src/ex05.c"
../src/ex05.c: In function 'main':
../src/ex05.c:23:6: warning: variable 'Status' set but not used [-Wunused-but-set-variable]
  int Status;
      ^~~~~~
In file included from ../src/ex05.c:1:
../src/ex05.c: In function 'TimerCounterHandler':
../../ex01_bsp/ps7_cortexa9_0/include/xparameters.h:423:32: warning: initialization of 'unsigned char *' from 'unsigned int' makes pointer from integer without a cast [-Wint-conversion]
 #define XPAR_TMRCTR_0_BASEADDR 0x42800000U
                                ^~~~~~~~~~~
../src/ex05.c:83:25: note: in expansion of macro 'XPAR_TMRCTR_0_BASEADDR'
  unsigned char *Timer = XPAR_TMRCTR_0_BASEADDR;
                         ^~~~~~~~~~~~~~~~~~~~~~
'Finished building: ../src/ex05.c'
' '
'Building target: ex05.elf'
'Invoking: ARM v7 gcc linker'
arm-none-eabi-gcc -mcpu=cortex-a9 -mfpu=vfpv3 -mfloat-abi=hard -Wl,-build-id=none -specs=Xilinx.spec -Wl,-T -Wl,../src/lscript.ld -L../../ex01_bsp/ps7_cortexa9_0/lib -o "ex05.elf"  ./src/ex05.o ./src/platform.o   -Wl,--start-group,-lxil,-lgcc,-lc,--end-group
'Finished building target: ex05.elf'
' '
'Invoking: ARM v7 Print Size'
arm-none-eabi-size ex05.elf  |tee "ex05.elf.size"
   text	   data	    bss	    dec	    hex	filename
  38236	   2368	  23352	  63956	   f9d4	ex05.elf
'Finished building: ex05.elf.size'
' '
14:40:12 **** Auto Build of configuration Debug for project ex05 ****
make pre-build main-build 
a9-linaro-pre-build-step
' '
'Building file: ../src/ex05.c'
'Invoking: ARM v7 gcc compiler'
arm-none-eabi-gcc -Wall -O0 -g3 -c -fmessage-length=0 -MT"src/ex05.o" -mcpu=cortex-a9 -mfpu=vfpv3 -mfloat-abi=hard -I../../ex01_bsp/ps7_cortexa9_0/include -MMD -MP -MF"src/ex05.d" -MT"src/ex05.o" -o "src/ex05.o" "../src/ex05.c"
../src/ex05.c: In function 'main':
../src/ex05.c:23:6: warning: variable 'Status' set but not used [-Wunused-but-set-variable]
  int Status;
      ^~~~~~
In file included from ../src/ex05.c:1:
../src/ex05.c: In function 'TimerCounterHandler':
../../ex01_bsp/ps7_cortexa9_0/include/xparameters.h:423:32: warning: initialization of 'unsigned char *' from 'unsigned int' makes pointer from integer without a cast [-Wint-conversion]
 #define XPAR_TMRCTR_0_BASEADDR 0x42800000U
                                ^~~~~~~~~~~
../src/ex05.c:83:25: note: in expansion of macro 'XPAR_TMRCTR_0_BASEADDR'
  unsigned char *Timer = XPAR_TMRCTR_0_BASEADDR;
                         ^~~~~~~~~~~~~~~~~~~~~~
'Finished building: ../src/ex05.c'
' '
'Building target: ex05.elf'
'Invoking: ARM v7 gcc linker'
arm-none-eabi-gcc -mcpu=cortex-a9 -mfpu=vfpv3 -mfloat-abi=hard -Wl,-build-id=none -specs=Xilinx.spec -Wl,-T -Wl,../src/lscript.ld -L../../ex01_bsp/ps7_cortexa9_0/lib -o "ex05.elf"  ./src/ex05.o ./src/platform.o   -Wl,--start-group,-lxil,-lgcc,-lc,--end-group
'Finished building target: ex05.elf'
' '
'Invoking: ARM v7 Print Size'
arm-none-eabi-size ex05.elf  |tee "ex05.elf.size"
   text	   data	    bss	    dec	    hex	filename
  38236	   2368	  23352	  63956	   f9d4	ex05.elf
'Finished building: ex05.elf.size'
' '
14:40:14 **** Incremental Build of configuration Debug for project ex05 ****
make pre-build main-build 
a9-linaro-pre-build-step
' '
make: Nothing to be done for 'main-build'.
14:41:22 **** Auto Build of configuration Debug for project ex05 ****
make pre-build main-build 
a9-linaro-pre-build-step
' '
'Building file: ../src/ex05.c'
'Invoking: ARM v7 gcc compiler'
arm-none-eabi-gcc -Wall -O0 -g3 -c -fmessage-length=0 -MT"src/ex05.o" -mcpu=cortex-a9 -mfpu=vfpv3 -mfloat-abi=hard -I../../ex01_bsp/ps7_cortexa9_0/include -MMD -MP -MF"src/ex05.d" -MT"src/ex05.o" -o "src/ex05.o" "../src/ex05.c"
../src/ex05.c: In function 'main':
../src/ex05.c:23:6: warning: variable 'Status' set but not used [-Wunused-but-set-variable]
  int Status;
      ^~~~~~
'Finished building: ../src/ex05.c'
' '
'Building target: ex05.elf'
'Invoking: ARM v7 gcc linker'
arm-none-eabi-gcc -mcpu=cortex-a9 -mfpu=vfpv3 -mfloat-abi=hard -Wl,-build-id=none -specs=Xilinx.spec -Wl,-T -Wl,../src/lscript.ld -L../../ex01_bsp/ps7_cortexa9_0/lib -o "ex05.elf"  ./src/ex05.o ./src/platform.o   -Wl,--start-group,-lxil,-lgcc,-lc,--end-group
'Finished building target: ex05.elf'
' '
'Invoking: ARM v7 Print Size'
arm-none-eabi-size ex05.elf  |tee "ex05.elf.size"
   text	   data	    bss	    dec	    hex	filename
  38172	   2368	  23352	  63892	   f994	ex05.elf
'Finished building: ex05.elf.size'
' '
14:41:27 **** Incremental Build of configuration Debug for project ex05 ****
make pre-build main-build 
a9-linaro-pre-build-step
' '
make: Nothing to be done for 'main-build'.
14:41:54 **** Auto Build of configuration Debug for project ex05 ****
make pre-build main-build 
a9-linaro-pre-build-step
' '
'Building file: ../src/ex05.c'
'Invoking: ARM v7 gcc compiler'
arm-none-eabi-gcc -Wall -O0 -g3 -c -fmessage-length=0 -MT"src/ex05.o" -mcpu=cortex-a9 -mfpu=vfpv3 -mfloat-abi=hard -I../../ex01_bsp/ps7_cortexa9_0/include -MMD -MP -MF"src/ex05.d" -MT"src/ex05.o" -o "src/ex05.o" "../src/ex05.c"
../src/ex05.c: In function 'main':
../src/ex05.c:23:6: warning: variable 'Status' set but not used [-Wunused-but-set-variable]
  int Status;
      ^~~~~~
'Finished building: ../src/ex05.c'
' '
'Building target: ex05.elf'
'Invoking: ARM v7 gcc linker'
arm-none-eabi-gcc -mcpu=cortex-a9 -mfpu=vfpv3 -mfloat-abi=hard -Wl,-build-id=none -specs=Xilinx.spec -Wl,-T -Wl,../src/lscript.ld -L../../ex01_bsp/ps7_cortexa9_0/lib -o "ex05.elf"  ./src/ex05.o ./src/platform.o   -Wl,--start-group,-lxil,-lgcc,-lc,--end-group
'Finished building target: ex05.elf'
' '
'Invoking: ARM v7 Print Size'
arm-none-eabi-size ex05.elf  |tee "ex05.elf.size"
   text	   data	    bss	    dec	    hex	filename
  38236	   2368	  23352	  63956	   f9d4	ex05.elf
'Finished building: ex05.elf.size'
' '
14:42:01 **** Incremental Build of configuration Debug for project ex05 ****
make pre-build main-build 
a9-linaro-pre-build-step
' '
make: Nothing to be done for 'main-build'.
14:42:30 **** Auto Build of configuration Debug for project ex05 ****
make pre-build main-build 
a9-linaro-pre-build-step
' '
'Building file: ../src/ex05.c'
'Invoking: ARM v7 gcc compiler'
arm-none-eabi-gcc -Wall -O0 -g3 -c -fmessage-length=0 -MT"src/ex05.o" -mcpu=cortex-a9 -mfpu=vfpv3 -mfloat-abi=hard -I../../ex01_bsp/ps7_cortexa9_0/include -MMD -MP -MF"src/ex05.d" -MT"src/ex05.o" -o "src/ex05.o" "../src/ex05.c"
../src/ex05.c: In function 'main':
../src/ex05.c:23:6: warning: variable 'Status' set but not used [-Wunused-but-set-variable]
  int Status;
      ^~~~~~
'Finished building: ../src/ex05.c'
' '
'Building target: ex05.elf'
'Invoking: ARM v7 gcc linker'
arm-none-eabi-gcc -mcpu=cortex-a9 -mfpu=vfpv3 -mfloat-abi=hard -Wl,-build-id=none -specs=Xilinx.spec -Wl,-T -Wl,../src/lscript.ld -L../../ex01_bsp/ps7_cortexa9_0/lib -o "ex05.elf"  ./src/ex05.o ./src/platform.o   -Wl,--start-group,-lxil,-lgcc,-lc,--end-group
'Finished building target: ex05.elf'
' '
'Invoking: ARM v7 Print Size'
arm-none-eabi-size ex05.elf  |tee "ex05.elf.size"
   text	   data	    bss	    dec	    hex	filename
  38236	   2368	  23352	  63956	   f9d4	ex05.elf
'Finished building: ex05.elf.size'
' '
14:42:33 **** Incremental Build of configuration Debug for project ex05 ****
make pre-build main-build 
a9-linaro-pre-build-step
' '
make: Nothing to be done for 'main-build'.
14:43:31 **** Auto Build of configuration Debug for project ex05 ****
make pre-build main-build 
a9-linaro-pre-build-step
' '
'Building file: ../src/ex05.c'
'Invoking: ARM v7 gcc compiler'
arm-none-eabi-gcc -Wall -O0 -g3 -c -fmessage-length=0 -MT"src/ex05.o" -mcpu=cortex-a9 -mfpu=vfpv3 -mfloat-abi=hard -I../../ex01_bsp/ps7_cortexa9_0/include -MMD -MP -MF"src/ex05.d" -MT"src/ex05.o" -o "src/ex05.o" "../src/ex05.c"
../src/ex05.c: In function 'main':
../src/ex05.c:23:6: warning: variable 'Status' set but not used [-Wunused-but-set-variable]
  int Status;
      ^~~~~~
'Finished building: ../src/ex05.c'
' '
'Building target: ex05.elf'
'Invoking: ARM v7 gcc linker'
arm-none-eabi-gcc -mcpu=cortex-a9 -mfpu=vfpv3 -mfloat-abi=hard -Wl,-build-id=none -specs=Xilinx.spec -Wl,-T -Wl,../src/lscript.ld -L../../ex01_bsp/ps7_cortexa9_0/lib -o "ex05.elf"  ./src/ex05.o ./src/platform.o   -Wl,--start-group,-lxil,-lgcc,-lc,--end-group
'Finished building target: ex05.elf'
' '
'Invoking: ARM v7 Print Size'
arm-none-eabi-size ex05.elf  |tee "ex05.elf.size"
   text	   data	    bss	    dec	    hex	filename
  38172	   2368	  23352	  63892	   f994	ex05.elf
'Finished building: ex05.elf.size'
' '
14:43:34 **** Incremental Build of configuration Debug for project ex05 ****
make pre-build main-build 
a9-linaro-pre-build-step
' '
make: Nothing to be done for 'main-build'.
14:43:44 **** Auto Build of configuration Debug for project ex05 ****
make pre-build main-build 
a9-linaro-pre-build-step
' '
'Building file: ../src/ex05.c'
'Invoking: ARM v7 gcc compiler'
arm-none-eabi-gcc -Wall -O0 -g3 -c -fmessage-length=0 -MT"src/ex05.o" -mcpu=cortex-a9 -mfpu=vfpv3 -mfloat-abi=hard -I../../ex01_bsp/ps7_cortexa9_0/include -MMD -MP -MF"src/ex05.d" -MT"src/ex05.o" -o "src/ex05.o" "../src/ex05.c"
../src/ex05.c: In function 'main':
../src/ex05.c:23:6: warning: variable 'Status' set but not used [-Wunused-but-set-variable]
  int Status;
      ^~~~~~
'Finished building: ../src/ex05.c'
' '
'Building target: ex05.elf'
'Invoking: ARM v7 gcc linker'
arm-none-eabi-gcc -mcpu=cortex-a9 -mfpu=vfpv3 -mfloat-abi=hard -Wl,-build-id=none -specs=Xilinx.spec -Wl,-T -Wl,../src/lscript.ld -L../../ex01_bsp/ps7_cortexa9_0/lib -o "ex05.elf"  ./src/ex05.o ./src/platform.o   -Wl,--start-group,-lxil,-lgcc,-lc,--end-group
'Finished building target: ex05.elf'
' '
'Invoking: ARM v7 Print Size'
arm-none-eabi-size ex05.elf  |tee "ex05.elf.size"
   text	   data	    bss	    dec	    hex	filename
  38172	   2368	  23352	  63892	   f994	ex05.elf
'Finished building: ex05.elf.size'
' '
14:44:19 **** Auto Build of configuration Debug for project ex05 ****
make pre-build main-build 
a9-linaro-pre-build-step
' '
'Building file: ../src/ex05.c'
'Invoking: ARM v7 gcc compiler'
arm-none-eabi-gcc -Wall -O0 -g3 -c -fmessage-length=0 -MT"src/ex05.o" -mcpu=cortex-a9 -mfpu=vfpv3 -mfloat-abi=hard -I../../ex01_bsp/ps7_cortexa9_0/include -MMD -MP -MF"src/ex05.d" -MT"src/ex05.o" -o "src/ex05.o" "../src/ex05.c"
../src/ex05.c: In function 'main':
../src/ex05.c:23:6: warning: variable 'Status' set but not used [-Wunused-but-set-variable]
  int Status;
      ^~~~~~
'Finished building: ../src/ex05.c'
' '
'Building target: ex05.elf'
'Invoking: ARM v7 gcc linker'
arm-none-eabi-gcc -mcpu=cortex-a9 -mfpu=vfpv3 -mfloat-abi=hard -Wl,-build-id=none -specs=Xilinx.spec -Wl,-T -Wl,../src/lscript.ld -L../../ex01_bsp/ps7_cortexa9_0/lib -o "ex05.elf"  ./src/ex05.o ./src/platform.o   -Wl,--start-group,-lxil,-lgcc,-lc,--end-group
'Finished building target: ex05.elf'
' '
'Invoking: ARM v7 Print Size'
arm-none-eabi-size ex05.elf  |tee "ex05.elf.size"
   text	   data	    bss	    dec	    hex	filename
  38172	   2368	  23352	  63892	   f994	ex05.elf
'Finished building: ex05.elf.size'
' '
14:44:21 **** Incremental Build of configuration Debug for project ex05 ****
make pre-build main-build 
a9-linaro-pre-build-step
' '
make: Nothing to be done for 'main-build'.
14:44:45 **** Auto Build of configuration Debug for project ex05 ****
make pre-build main-build 
a9-linaro-pre-build-step
' '
'Building file: ../src/ex05.c'
'Invoking: ARM v7 gcc compiler'
arm-none-eabi-gcc -Wall -O0 -g3 -c -fmessage-length=0 -MT"src/ex05.o" -mcpu=cortex-a9 -mfpu=vfpv3 -mfloat-abi=hard -I../../ex01_bsp/ps7_cortexa9_0/include -MMD -MP -MF"src/ex05.d" -MT"src/ex05.o" -o "src/ex05.o" "../src/ex05.c"
../src/ex05.c: In function 'main':
../src/ex05.c:23:6: warning: variable 'Status' set but not used [-Wunused-but-set-variable]
  int Status;
      ^~~~~~
'Finished building: ../src/ex05.c'
' '
'Building target: ex05.elf'
'Invoking: ARM v7 gcc linker'
arm-none-eabi-gcc -mcpu=cortex-a9 -mfpu=vfpv3 -mfloat-abi=hard -Wl,-build-id=none -specs=Xilinx.spec -Wl,-T -Wl,../src/lscript.ld -L../../ex01_bsp/ps7_cortexa9_0/lib -o "ex05.elf"  ./src/ex05.o ./src/platform.o   -Wl,--start-group,-lxil,-lgcc,-lc,--end-group
'Finished building target: ex05.elf'
' '
'Invoking: ARM v7 Print Size'
arm-none-eabi-size ex05.elf  |tee "ex05.elf.size"
   text	   data	    bss	    dec	    hex	filename
  38236	   2368	  23352	  63956	   f9d4	ex05.elf
'Finished building: ex05.elf.size'
' '
14:44:48 **** Auto Build of configuration Debug for project ex05 ****
make pre-build main-build 
a9-linaro-pre-build-step
' '
'Building file: ../src/ex05.c'
'Invoking: ARM v7 gcc compiler'
arm-none-eabi-gcc -Wall -O0 -g3 -c -fmessage-length=0 -MT"src/ex05.o" -mcpu=cortex-a9 -mfpu=vfpv3 -mfloat-abi=hard -I../../ex01_bsp/ps7_cortexa9_0/include -MMD -MP -MF"src/ex05.d" -MT"src/ex05.o" -o "src/ex05.o" "../src/ex05.c"
../src/ex05.c: In function 'main':
../src/ex05.c:23:6: warning: variable 'Status' set but not used [-Wunused-but-set-variable]
  int Status;
      ^~~~~~
'Finished building: ../src/ex05.c'
' '
'Building target: ex05.elf'
'Invoking: ARM v7 gcc linker'
arm-none-eabi-gcc -mcpu=cortex-a9 -mfpu=vfpv3 -mfloat-abi=hard -Wl,-build-id=none -specs=Xilinx.spec -Wl,-T -Wl,../src/lscript.ld -L../../ex01_bsp/ps7_cortexa9_0/lib -o "ex05.elf"  ./src/ex05.o ./src/platform.o   -Wl,--start-group,-lxil,-lgcc,-lc,--end-group
'Finished building target: ex05.elf'
' '
'Invoking: ARM v7 Print Size'
arm-none-eabi-size ex05.elf  |tee "ex05.elf.size"
   text	   data	    bss	    dec	    hex	filename
  38252	   2368	  23352	  63972	   f9e4	ex05.elf
'Finished building: ex05.elf.size'
' '
14:44:50 **** Incremental Build of configuration Debug for project ex05 ****
make pre-build main-build 
a9-linaro-pre-build-step
' '
make: Nothing to be done for 'main-build'.
14:44:56 **** Incremental Build of configuration Debug for project ex05 ****
make pre-build main-build 
a9-linaro-pre-build-step
' '
make: Nothing to be done for 'main-build'.
14:45:34 **** Incremental Build of configuration Debug for project ex05 ****
make pre-build main-build 
a9-linaro-pre-build-step
' '
make: Nothing to be done for 'main-build'.
14:46:41 **** Auto Build of configuration Debug for project ex05 ****
make pre-build main-build 
a9-linaro-pre-build-step
' '
'Building file: ../src/ex05.c'
'Invoking: ARM v7 gcc compiler'
arm-none-eabi-gcc -Wall -O0 -g3 -c -fmessage-length=0 -MT"src/ex05.o" -mcpu=cortex-a9 -mfpu=vfpv3 -mfloat-abi=hard -I../../ex01_bsp/ps7_cortexa9_0/include -MMD -MP -MF"src/ex05.d" -MT"src/ex05.o" -o "src/ex05.o" "../src/ex05.c"
../src/ex05.c: In function 'main':
../src/ex05.c:23:6: warning: variable 'Status' set but not used [-Wunused-but-set-variable]
  int Status;
      ^~~~~~
'Finished building: ../src/ex05.c'
' '
'Building target: ex05.elf'
'Invoking: ARM v7 gcc linker'
arm-none-eabi-gcc -mcpu=cortex-a9 -mfpu=vfpv3 -mfloat-abi=hard -Wl,-build-id=none -specs=Xilinx.spec -Wl,-T -Wl,../src/lscript.ld -L../../ex01_bsp/ps7_cortexa9_0/lib -o "ex05.elf"  ./src/ex05.o ./src/platform.o   -Wl,--start-group,-lxil,-lgcc,-lc,--end-group
'Finished building target: ex05.elf'
' '
'Invoking: ARM v7 Print Size'
arm-none-eabi-size ex05.elf  |tee "ex05.elf.size"
   text	   data	    bss	    dec	    hex	filename
  38172	   2368	  23352	  63892	   f994	ex05.elf
'Finished building: ex05.elf.size'
' '
